

================================================================
== Vitis HLS Report for 'TrellisBuilder_Pipeline_VITIS_LOOP_1453_1'
================================================================
* Date:           Mon Jun 27 15:19:43 2022

* Version:        2022.1 (Build 3526262 on Mon Apr 18 15:48:16 MDT 2022)
* Project:        Decoder
* Solution:       Size32 (Vivado IP Flow Target)
* Product family: virtex7
* Target device:  xc7vx485t-ffg1761-3


================================================================
== Performance Estimates
================================================================
+ Timing: 
    * Summary: 
    +--------+----------+----------+------------+
    |  Clock |  Target  | Estimated| Uncertainty|
    +--------+----------+----------+------------+
    |ap_clk  |  11.00 ns|  6.308 ns|     2.97 ns|
    +--------+----------+----------+------------+

+ Latency: 
    * Summary: 
    +---------+---------+----------+----------+-----+-----+---------+
    |  Latency (cycles) |  Latency (absolute) |  Interval | Pipeline|
    |   min   |   max   |    min   |    max   | min | max |   Type  |
    +---------+---------+----------+----------+-----+-----+---------+
    |       30|       30|  0.330 us|  0.330 us|   30|   30|       no|
    +---------+---------+----------+----------+-----+-----+---------+

    + Detail: 
        * Instance: 
        N/A

        * Loop: 
        +---------------------+---------+---------+----------+-----------+-----------+------+----------+
        |                     |  Latency (cycles) | Iteration|  Initiation Interval  | Trip |          |
        |      Loop Name      |   min   |   max   |  Latency |  achieved |   target  | Count| Pipelined|
        +---------------------+---------+---------+----------+-----------+-----------+------+----------+
        |- VITIS_LOOP_1453_1  |       28|       28|         2|          1|          1|    28|       yes|
        +---------------------+---------+---------+----------+-----------+-----------+------+----------+



================================================================
== Utilization Estimates
================================================================
* Summary: 
+-----------------+---------+------+--------+--------+-----+
|       Name      | BRAM_18K|  DSP |   FF   |   LUT  | URAM|
+-----------------+---------+------+--------+--------+-----+
|DSP              |        -|     -|       -|       -|    -|
|Expression       |        -|     -|       0|     822|    -|
|FIFO             |        -|     -|       -|       -|    -|
|Instance         |        -|     -|    1145|     751|    -|
|Memory           |        -|     -|       -|       -|    -|
|Multiplexer      |        -|     -|       -|     100|    -|
|Register         |        -|     -|      60|       -|    -|
+-----------------+---------+------+--------+--------+-----+
|Total            |        0|     0|    1205|    1673|    0|
+-----------------+---------+------+--------+--------+-----+
|Available        |     2060|  2800|  607200|  303600|    0|
+-----------------+---------+------+--------+--------+-----+
|Utilization (%)  |        0|     0|      ~0|      ~0|    0|
+-----------------+---------+------+--------+--------+-----+

+ Detail: 
    * Instance: 
    +--------------------+---------------+---------+----+----+-----+-----+
    |      Instance      |     Module    | BRAM_18K| DSP| FF | LUT | URAM|
    +--------------------+---------------+---------+----+----+-----+-----+
    |mux_21_6_1_1_U100   |mux_21_6_1_1   |        0|   0|  51|    9|    0|
    |mux_21_6_1_1_U103   |mux_21_6_1_1   |        0|   0|  51|    9|    0|
    |mux_21_6_1_1_U106   |mux_21_6_1_1   |        0|   0|  51|    9|    0|
    |mux_21_6_1_1_U109   |mux_21_6_1_1   |        0|   0|  51|    9|    0|
    |mux_21_6_1_1_U112   |mux_21_6_1_1   |        0|   0|  51|    9|    0|
    |mux_21_6_1_1_U115   |mux_21_6_1_1   |        0|   0|  51|    9|    0|
    |mux_21_6_1_1_U117   |mux_21_6_1_1   |        0|   0|  51|    9|    0|
    |mux_315_6_1_1_U118  |mux_315_6_1_1  |        0|   0|   0|  138|    0|
    |mux_42_6_1_1_U98    |mux_42_6_1_1   |        0|   0|  43|   17|    0|
    |mux_42_6_1_1_U99    |mux_42_6_1_1   |        0|   0|  43|   17|    0|
    |mux_42_6_1_1_U101   |mux_42_6_1_1   |        0|   0|  43|   17|    0|
    |mux_42_6_1_1_U102   |mux_42_6_1_1   |        0|   0|  43|   17|    0|
    |mux_42_6_1_1_U104   |mux_42_6_1_1   |        0|   0|  43|   17|    0|
    |mux_42_6_1_1_U105   |mux_42_6_1_1   |        0|   0|  43|   17|    0|
    |mux_42_6_1_1_U107   |mux_42_6_1_1   |        0|   0|  43|   17|    0|
    |mux_42_6_1_1_U108   |mux_42_6_1_1   |        0|   0|  43|   17|    0|
    |mux_42_6_1_1_U110   |mux_42_6_1_1   |        0|   0|  43|   17|    0|
    |mux_42_6_1_1_U111   |mux_42_6_1_1   |        0|   0|  43|   17|    0|
    |mux_42_6_1_1_U113   |mux_42_6_1_1   |        0|   0|  43|   17|    0|
    |mux_42_6_1_1_U114   |mux_42_6_1_1   |        0|   0|  43|   17|    0|
    |mux_42_6_1_1_U116   |mux_42_6_1_1   |        0|   0|  43|   17|    0|
    |mux_83_1_1_1_U127   |mux_83_1_1_1   |        0|   0|  29|   33|    0|
    |mux_95_1_1_1_U119   |mux_95_1_1_1   |        0|   0|  25|   37|    0|
    |mux_95_1_1_1_U120   |mux_95_1_1_1   |        0|   0|  25|   37|    0|
    |mux_95_1_1_1_U121   |mux_95_1_1_1   |        0|   0|  25|   37|    0|
    |mux_95_1_1_1_U122   |mux_95_1_1_1   |        0|   0|  25|   37|    0|
    |mux_95_1_1_1_U123   |mux_95_1_1_1   |        0|   0|  25|   37|    0|
    |mux_95_1_1_1_U124   |mux_95_1_1_1   |        0|   0|  25|   37|    0|
    |mux_95_1_1_1_U125   |mux_95_1_1_1   |        0|   0|  25|   37|    0|
    |mux_95_1_1_1_U126   |mux_95_1_1_1   |        0|   0|  25|   37|    0|
    +--------------------+---------------+---------+----+----+-----+-----+
    |Total               |               |        0|   0|1145|  751|    0|
    +--------------------+---------------+---------+----+----+-----+-----+

    * DSP: 
    N/A

    * Memory: 
    N/A

    * FIFO: 
    N/A

    * Expression: 
    +--------------------------+----------+----+---+----+------------+------------+
    |       Variable Name      | Operation| DSP| FF| LUT| Bitwidth P0| Bitwidth P1|
    +--------------------------+----------+----+---+----+------------+------------+
    |add_ln1492_fu_1042_p2     |         +|   0|  0|  13|           5|           1|
    |k_1_fu_2406_p2            |         +|   0|  0|  14|           6|           2|
    |sub_ln1456_fu_1051_p2     |         -|   0|  0|  13|           3|           5|
    |ap_condition_1257         |       and|   0|  0|   2|           1|           1|
    |ap_condition_1266         |       and|   0|  0|   2|           1|           1|
    |ap_condition_1274         |       and|   0|  0|   2|           1|           1|
    |ap_condition_1281         |       and|   0|  0|   2|           1|           1|
    |ap_condition_1287         |       and|   0|  0|   2|           1|           1|
    |ap_condition_1292         |       and|   0|  0|   2|           1|           1|
    |ap_condition_1296         |       and|   0|  0|   2|           1|           1|
    |ap_condition_1299         |       and|   0|  0|   2|           1|           1|
    |empty_102_fu_1839_p2      |      icmp|   0|  0|  10|           6|           4|
    |empty_103_fu_1845_p2      |      icmp|   0|  0|  10|           6|           5|
    |empty_104_fu_1851_p2      |      icmp|   0|  0|  10|           6|           6|
    |empty_105_fu_1857_p2      |      icmp|   0|  0|  10|           6|           6|
    |empty_106_fu_1863_p2      |      icmp|   0|  0|  10|           6|           5|
    |empty_107_fu_1869_p2      |      icmp|   0|  0|  10|           6|           5|
    |empty_108_fu_1875_p2      |      icmp|   0|  0|  10|           6|           4|
    |empty_110_fu_1887_p2      |      icmp|   0|  0|  10|           6|           3|
    |empty_117_fu_1929_p2      |      icmp|   0|  0|  10|           6|           4|
    |empty_118_fu_1935_p2      |      icmp|   0|  0|  10|           6|           5|
    |empty_119_fu_1941_p2      |      icmp|   0|  0|  10|           6|           6|
    |empty_120_fu_1947_p2      |      icmp|   0|  0|  10|           6|           6|
    |empty_121_fu_1953_p2      |      icmp|   0|  0|  10|           6|           5|
    |empty_122_fu_1959_p2      |      icmp|   0|  0|  10|           6|           5|
    |empty_123_fu_1965_p2      |      icmp|   0|  0|  10|           6|           4|
    |empty_125_fu_1977_p2      |      icmp|   0|  0|  10|           6|           3|
    |empty_27_fu_1389_p2       |      icmp|   0|  0|  10|           6|           2|
    |empty_28_fu_1395_p2       |      icmp|   0|  0|  10|           6|           5|
    |empty_29_fu_1401_p2       |      icmp|   0|  0|  10|           6|           6|
    |empty_30_fu_1407_p2       |      icmp|   0|  0|  10|           6|           6|
    |empty_31_fu_1413_p2       |      icmp|   0|  0|  10|           6|           5|
    |empty_32_fu_1419_p2       |      icmp|   0|  0|  10|           6|           5|
    |empty_33_fu_1425_p2       |      icmp|   0|  0|  10|           6|           4|
    |empty_35_fu_1437_p2       |      icmp|   0|  0|  10|           6|           1|
    |empty_42_fu_1479_p2       |      icmp|   0|  0|  10|           6|           3|
    |empty_43_fu_1485_p2       |      icmp|   0|  0|  10|           6|           5|
    |empty_44_fu_1491_p2       |      icmp|   0|  0|  10|           6|           6|
    |empty_45_fu_1497_p2       |      icmp|   0|  0|  10|           6|           6|
    |empty_46_fu_1503_p2       |      icmp|   0|  0|  10|           6|           5|
    |empty_47_fu_1509_p2       |      icmp|   0|  0|  10|           6|           5|
    |empty_48_fu_1515_p2       |      icmp|   0|  0|  10|           6|           4|
    |empty_50_fu_1527_p2       |      icmp|   0|  0|  10|           6|           1|
    |empty_57_fu_1569_p2       |      icmp|   0|  0|  10|           6|           3|
    |empty_58_fu_1575_p2       |      icmp|   0|  0|  10|           6|           6|
    |empty_59_fu_1581_p2       |      icmp|   0|  0|  10|           6|           6|
    |empty_60_fu_1587_p2       |      icmp|   0|  0|  10|           6|           6|
    |empty_61_fu_1593_p2       |      icmp|   0|  0|  10|           6|           5|
    |empty_62_fu_1599_p2       |      icmp|   0|  0|  10|           6|           5|
    |empty_63_fu_1605_p2       |      icmp|   0|  0|  10|           6|           4|
    |empty_65_fu_1617_p2       |      icmp|   0|  0|  10|           6|           2|
    |empty_72_fu_1659_p2       |      icmp|   0|  0|  10|           6|           4|
    |empty_73_fu_1665_p2       |      icmp|   0|  0|  10|           6|           5|
    |empty_74_fu_1671_p2       |      icmp|   0|  0|  10|           6|           6|
    |empty_75_fu_1677_p2       |      icmp|   0|  0|  10|           6|           7|
    |empty_76_fu_1683_p2       |      icmp|   0|  0|  10|           6|           5|
    |empty_77_fu_1689_p2       |      icmp|   0|  0|  10|           6|           5|
    |empty_78_fu_1695_p2       |      icmp|   0|  0|  10|           6|           4|
    |empty_80_fu_1707_p2       |      icmp|   0|  0|  10|           6|           2|
    |empty_87_fu_1749_p2       |      icmp|   0|  0|  10|           6|           4|
    |empty_88_fu_1755_p2       |      icmp|   0|  0|  10|           6|           5|
    |empty_89_fu_1761_p2       |      icmp|   0|  0|  10|           6|           6|
    |empty_90_fu_1767_p2       |      icmp|   0|  0|  10|           6|           6|
    |empty_91_fu_1773_p2       |      icmp|   0|  0|  10|           6|           5|
    |empty_92_fu_1779_p2       |      icmp|   0|  0|  10|           6|           5|
    |empty_93_fu_1785_p2       |      icmp|   0|  0|  10|           6|           4|
    |empty_95_fu_1797_p2       |      icmp|   0|  0|  10|           6|           3|
    |icmp_ln1065_1_fu_2028_p2  |      icmp|   0|  0|  10|           6|           4|
    |icmp_ln1065_2_fu_2034_p2  |      icmp|   0|  0|  10|           6|           5|
    |icmp_ln1065_3_fu_2040_p2  |      icmp|   0|  0|  10|           6|           5|
    |icmp_ln1065_4_fu_2046_p2  |      icmp|   0|  0|  10|           6|           6|
    |icmp_ln1065_5_fu_2052_p2  |      icmp|   0|  0|  10|           6|           6|
    |icmp_ln1065_6_fu_2058_p2  |      icmp|   0|  0|  10|           6|           5|
    |icmp_ln1065_7_fu_2064_p2  |      icmp|   0|  0|  10|           6|           5|
    |icmp_ln1065_fu_2022_p2    |      icmp|   0|  0|  10|           6|           3|
    |icmp_ln1453_fu_1036_p2    |      icmp|   0|  0|   9|           5|           4|
    |empty_100_fu_1827_p2      |        or|   0|  0|   2|           1|           1|
    |empty_101_fu_1833_p2      |        or|   0|  0|   2|           1|           1|
    |empty_109_fu_1881_p2      |        or|   0|  0|   2|           1|           1|
    |empty_111_fu_1893_p2      |        or|   0|  0|   2|           1|           1|
    |empty_112_fu_1899_p2      |        or|   0|  0|   2|           1|           1|
    |empty_113_fu_1905_p2      |        or|   0|  0|   2|           1|           1|
    |empty_114_fu_1911_p2      |        or|   0|  0|   2|           1|           1|
    |empty_115_fu_1917_p2      |        or|   0|  0|   2|           1|           1|
    |empty_116_fu_1923_p2      |        or|   0|  0|   2|           1|           1|
    |empty_124_fu_1971_p2      |        or|   0|  0|   2|           1|           1|
    |empty_126_fu_1983_p2      |        or|   0|  0|   2|           1|           1|
    |empty_127_fu_1989_p2      |        or|   0|  0|   2|           1|           1|
    |empty_128_fu_1995_p2      |        or|   0|  0|   2|           1|           1|
    |empty_129_fu_2001_p2      |        or|   0|  0|   2|           1|           1|
    |empty_130_fu_2007_p2      |        or|   0|  0|   2|           1|           1|
    |empty_131_fu_2013_p2      |        or|   0|  0|   2|           1|           1|
    |empty_34_fu_1431_p2       |        or|   0|  0|   2|           1|           1|
    |empty_36_fu_1443_p2       |        or|   0|  0|   2|           1|           1|
    |empty_37_fu_1449_p2       |        or|   0|  0|   2|           1|           1|
    |empty_38_fu_1455_p2       |        or|   0|  0|   2|           1|           1|
    |empty_39_fu_1461_p2       |        or|   0|  0|   2|           1|           1|
    |empty_40_fu_1467_p2       |        or|   0|  0|   2|           1|           1|
    |empty_41_fu_1473_p2       |        or|   0|  0|   2|           1|           1|
    |empty_49_fu_1521_p2       |        or|   0|  0|   2|           1|           1|
    |empty_51_fu_1533_p2       |        or|   0|  0|   2|           1|           1|
    |empty_52_fu_1539_p2       |        or|   0|  0|   2|           1|           1|
    |empty_53_fu_1545_p2       |        or|   0|  0|   2|           1|           1|
    |empty_54_fu_1551_p2       |        or|   0|  0|   2|           1|           1|
    |empty_55_fu_1557_p2       |        or|   0|  0|   2|           1|           1|
    |empty_56_fu_1563_p2       |        or|   0|  0|   2|           1|           1|
    |empty_64_fu_1611_p2       |        or|   0|  0|   2|           1|           1|
    |empty_66_fu_1623_p2       |        or|   0|  0|   2|           1|           1|
    |empty_67_fu_1629_p2       |        or|   0|  0|   2|           1|           1|
    |empty_68_fu_1635_p2       |        or|   0|  0|   2|           1|           1|
    |empty_69_fu_1641_p2       |        or|   0|  0|   2|           1|           1|
    |empty_70_fu_1647_p2       |        or|   0|  0|   2|           1|           1|
    |empty_71_fu_1653_p2       |        or|   0|  0|   2|           1|           1|
    |empty_79_fu_1701_p2       |        or|   0|  0|   2|           1|           1|
    |empty_81_fu_1713_p2       |        or|   0|  0|   2|           1|           1|
    |empty_82_fu_1719_p2       |        or|   0|  0|   2|           1|           1|
    |empty_83_fu_1725_p2       |        or|   0|  0|   2|           1|           1|
    |empty_84_fu_1731_p2       |        or|   0|  0|   2|           1|           1|
    |empty_85_fu_1737_p2       |        or|   0|  0|   2|           1|           1|
    |empty_86_fu_1743_p2       |        or|   0|  0|   2|           1|           1|
    |empty_94_fu_1791_p2       |        or|   0|  0|   2|           1|           1|
    |empty_96_fu_1803_p2       |        or|   0|  0|   2|           1|           1|
    |empty_97_fu_1809_p2       |        or|   0|  0|   2|           1|           1|
    |empty_98_fu_1815_p2       |        or|   0|  0|   2|           1|           1|
    |empty_99_fu_1821_p2       |        or|   0|  0|   2|           1|           1|
    |or_ln1484_1_fu_2070_p2    |        or|   0|  0|   2|           1|           1|
    |or_ln1484_2_fu_2100_p2    |        or|   0|  0|   2|           1|           1|
    |or_ln1484_3_fu_2088_p2    |        or|   0|  0|   2|           1|           1|
    |or_ln1484_4_fu_2082_p2    |        or|   0|  0|   2|           1|           1|
    |or_ln1484_5_fu_2094_p2    |        or|   0|  0|   2|           1|           1|
    |or_ln1484_6_fu_2106_p2    |        or|   0|  0|   2|           1|           1|
    |or_ln1484_fu_2076_p2      |        or|   0|  0|   2|           1|           1|
    |select_ln1484_fu_2112_p3  |    select|   0|  0|   3|           1|           2|
    |ap_enable_pp0             |       xor|   0|  0|   2|           1|           2|
    +--------------------------+----------+----+---+----+------------+------------+
    |Total                     |          |   0|  0| 822|         469|         377|
    +--------------------------+----------+----+---+----+------------+------------+

    * Multiplexer: 
    +----------------------------------+----+-----------+-----+-----------+
    |               Name               | LUT| Input Size| Bits| Total Bits|
    +----------------------------------+----+-----------+-----+-----------+
    |Bucket_V_1_fu_398                 |  37|          9|    3|         27|
    |ap_done_int                       |   9|          2|    1|          2|
    |ap_enable_reg_pp0_iter1           |   9|          2|    1|          2|
    |ap_sig_allocacmp_Bucket_V_1_load  |   9|          2|    3|          6|
    |ap_sig_allocacmp_count_1          |   9|          2|    5|         10|
    |count_fu_414                      |   9|          2|    5|         10|
    |k_fu_406                          |   9|          2|    6|         12|
    |p_Val2_s_fu_410                   |   9|          2|   32|         64|
    +----------------------------------+----+-----------+-----+-----------+
    |Total                             | 100|         23|   56|        133|
    +----------------------------------+----+-----------+-----+-----------+

    * Register: 
    +-------------------------+----+----+-----+-----------+
    |           Name          | FF | LUT| Bits| Const Bits|
    +-------------------------+----+----+-----+-----------+
    |Bucket_V_1_fu_398        |   3|   0|    3|          0|
    |ap_CS_fsm                |   1|   0|    1|          0|
    |ap_done_reg              |   1|   0|    1|          0|
    |ap_enable_reg_pp0_iter1  |   1|   0|    1|          0|
    |count_fu_414             |   5|   0|    5|          0|
    |k_fu_406                 |   6|   0|    6|          0|
    |p_Val2_s_fu_410          |  32|   0|   32|          0|
    |prevState2_V_fu_402      |   3|   0|    3|          0|
    |tmp_20_reg_2494          |   1|   0|    1|          0|
    |tmp_21_reg_2499          |   1|   0|    1|          0|
    |tmp_22_reg_2504          |   1|   0|    1|          0|
    |tmp_23_reg_2509          |   1|   0|    1|          0|
    |tmp_24_reg_2514          |   1|   0|    1|          0|
    |tmp_25_reg_2519          |   1|   0|    1|          0|
    |tmp_26_reg_2524          |   1|   0|    1|          0|
    |tmp_27_reg_2529          |   1|   0|    1|          0|
    +-------------------------+----+----+-----+-----------+
    |Total                    |  60|   0|   60|          0|
    +-------------------------+----+----+-----+-----------+



================================================================
== Interface
================================================================
* Summary: 
+-------------------------+-----+-----+------------+-------------------------------------------+--------------+
|        RTL Ports        | Dir | Bits|  Protocol  |               Source Object               |    C Type    |
+-------------------------+-----+-----+------------+-------------------------------------------+--------------+
|ap_clk                   |   in|    1|  ap_ctrl_hs|  TrellisBuilder_Pipeline_VITIS_LOOP_1453_1|  return value|
|ap_rst                   |   in|    1|  ap_ctrl_hs|  TrellisBuilder_Pipeline_VITIS_LOOP_1453_1|  return value|
|ap_start                 |   in|    1|  ap_ctrl_hs|  TrellisBuilder_Pipeline_VITIS_LOOP_1453_1|  return value|
|ap_done                  |  out|    1|  ap_ctrl_hs|  TrellisBuilder_Pipeline_VITIS_LOOP_1453_1|  return value|
|ap_idle                  |  out|    1|  ap_ctrl_hs|  TrellisBuilder_Pipeline_VITIS_LOOP_1453_1|  return value|
|ap_ready                 |  out|    1|  ap_ctrl_hs|  TrellisBuilder_Pipeline_VITIS_LOOP_1453_1|  return value|
|p_Result_s               |   in|   32|     ap_none|                                 p_Result_s|        scalar|
|Bucket_V                 |   in|    3|     ap_none|                                   Bucket_V|        scalar|
|choice_reload            |   in|    1|     ap_none|                              choice_reload|        scalar|
|choice_1_reload          |   in|    1|     ap_none|                            choice_1_reload|        scalar|
|choice_2_reload          |   in|    1|     ap_none|                            choice_2_reload|        scalar|
|choice_3_reload          |   in|    1|     ap_none|                            choice_3_reload|        scalar|
|choice_4_reload          |   in|    1|     ap_none|                            choice_4_reload|        scalar|
|choice_5_reload          |   in|    1|     ap_none|                            choice_5_reload|        scalar|
|choice_23_reload         |   in|    1|     ap_none|                           choice_23_reload|        scalar|
|choice_24_reload         |   in|    1|     ap_none|                           choice_24_reload|        scalar|
|choice_25_reload         |   in|    1|     ap_none|                           choice_25_reload|        scalar|
|choice_26_reload         |   in|    1|     ap_none|                           choice_26_reload|        scalar|
|choice_27_reload         |   in|    1|     ap_none|                           choice_27_reload|        scalar|
|choice_28_reload         |   in|    1|     ap_none|                           choice_28_reload|        scalar|
|choice_43_reload         |   in|    1|     ap_none|                           choice_43_reload|        scalar|
|choice_44_reload         |   in|    1|     ap_none|                           choice_44_reload|        scalar|
|choice_45_reload         |   in|    1|     ap_none|                           choice_45_reload|        scalar|
|choice_46_reload         |   in|    1|     ap_none|                           choice_46_reload|        scalar|
|choice_47_reload         |   in|    1|     ap_none|                           choice_47_reload|        scalar|
|choice_42_reload         |   in|    1|     ap_none|                           choice_42_reload|        scalar|
|choice_41_reload         |   in|    1|     ap_none|                           choice_41_reload|        scalar|
|choice_40_reload         |   in|    1|     ap_none|                           choice_40_reload|        scalar|
|choice_39_reload         |   in|    1|     ap_none|                           choice_39_reload|        scalar|
|choice_38_reload         |   in|    1|     ap_none|                           choice_38_reload|        scalar|
|choice_37_reload         |   in|    1|     ap_none|                           choice_37_reload|        scalar|
|choice_36_reload         |   in|    1|     ap_none|                           choice_36_reload|        scalar|
|choice_35_reload         |   in|    1|     ap_none|                           choice_35_reload|        scalar|
|choice_34_reload         |   in|    1|     ap_none|                           choice_34_reload|        scalar|
|choice_33_reload         |   in|    1|     ap_none|                           choice_33_reload|        scalar|
|choice_32_reload         |   in|    1|     ap_none|                           choice_32_reload|        scalar|
|choice_31_reload         |   in|    1|     ap_none|                           choice_31_reload|        scalar|
|choice_30_reload         |   in|    1|     ap_none|                           choice_30_reload|        scalar|
|choice_29_reload         |   in|    1|     ap_none|                           choice_29_reload|        scalar|
|choice_22_reload         |   in|    1|     ap_none|                           choice_22_reload|        scalar|
|choice_21_reload         |   in|    1|     ap_none|                           choice_21_reload|        scalar|
|choice_20_reload         |   in|    1|     ap_none|                           choice_20_reload|        scalar|
|choice_19_reload         |   in|    1|     ap_none|                           choice_19_reload|        scalar|
|choice_18_reload         |   in|    1|     ap_none|                           choice_18_reload|        scalar|
|choice_17_reload         |   in|    1|     ap_none|                           choice_17_reload|        scalar|
|choice_16_reload         |   in|    1|     ap_none|                           choice_16_reload|        scalar|
|choice_15_reload         |   in|    1|     ap_none|                           choice_15_reload|        scalar|
|choice_14_reload         |   in|    1|     ap_none|                           choice_14_reload|        scalar|
|choice_13_reload         |   in|    1|     ap_none|                           choice_13_reload|        scalar|
|choice_12_reload         |   in|    1|     ap_none|                           choice_12_reload|        scalar|
|choice_11_reload         |   in|    1|     ap_none|                           choice_11_reload|        scalar|
|choice_10_reload         |   in|    1|     ap_none|                           choice_10_reload|        scalar|
|choice_9_reload          |   in|    1|     ap_none|                            choice_9_reload|        scalar|
|choice_8_reload          |   in|    1|     ap_none|                            choice_8_reload|        scalar|
|choice_7_reload          |   in|    1|     ap_none|                            choice_7_reload|        scalar|
|choice_6_reload          |   in|    1|     ap_none|                            choice_6_reload|        scalar|
|prevState_V_0_10_reload  |   in|    6|     ap_none|                    prevState_V_0_10_reload|        scalar|
|prevState_V_1_10_reload  |   in|    6|     ap_none|                    prevState_V_1_10_reload|        scalar|
|prevState_V_2_4_reload   |   in|    6|     ap_none|                     prevState_V_2_4_reload|        scalar|
|prevState_V_3_4_reload   |   in|    6|     ap_none|                     prevState_V_3_4_reload|        scalar|
|prevState_V_0_4_reload   |   in|    6|     ap_none|                     prevState_V_0_4_reload|        scalar|
|prevState_V_1_4_reload   |   in|    6|     ap_none|                     prevState_V_1_4_reload|        scalar|
|prevState_V_2_10_reload  |   in|    6|     ap_none|                    prevState_V_2_10_reload|        scalar|
|prevState_V_3_10_reload  |   in|    6|     ap_none|                    prevState_V_3_10_reload|        scalar|
|prevState_V_0_9_reload   |   in|    6|     ap_none|                     prevState_V_0_9_reload|        scalar|
|prevState_V_1_9_reload   |   in|    6|     ap_none|                     prevState_V_1_9_reload|        scalar|
|prevState_V_2_3_reload   |   in|    6|     ap_none|                     prevState_V_2_3_reload|        scalar|
|prevState_V_3_3_reload   |   in|    6|     ap_none|                     prevState_V_3_3_reload|        scalar|
|prevState_V_0_3_reload   |   in|    6|     ap_none|                     prevState_V_0_3_reload|        scalar|
|prevState_V_1_3_reload   |   in|    6|     ap_none|                     prevState_V_1_3_reload|        scalar|
|prevState_V_2_9_reload   |   in|    6|     ap_none|                     prevState_V_2_9_reload|        scalar|
|prevState_V_3_9_reload   |   in|    6|     ap_none|                     prevState_V_3_9_reload|        scalar|
|prevState_V_0_8_reload   |   in|    6|     ap_none|                     prevState_V_0_8_reload|        scalar|
|prevState_V_1_8_reload   |   in|    6|     ap_none|                     prevState_V_1_8_reload|        scalar|
|prevState_V_2_2_reload   |   in|    6|     ap_none|                     prevState_V_2_2_reload|        scalar|
|prevState_V_3_2_reload   |   in|    6|     ap_none|                     prevState_V_3_2_reload|        scalar|
|prevState_V_0_2_reload   |   in|    6|     ap_none|                     prevState_V_0_2_reload|        scalar|
|prevState_V_1_2_reload   |   in|    6|     ap_none|                     prevState_V_1_2_reload|        scalar|
|prevState_V_2_8_reload   |   in|    6|     ap_none|                     prevState_V_2_8_reload|        scalar|
|prevState_V_3_8_reload   |   in|    6|     ap_none|                     prevState_V_3_8_reload|        scalar|
|prevState_V_0_7_reload   |   in|    6|     ap_none|                     prevState_V_0_7_reload|        scalar|
|prevState_V_1_7_reload   |   in|    6|     ap_none|                     prevState_V_1_7_reload|        scalar|
|prevState_V_2_1_reload   |   in|    6|     ap_none|                     prevState_V_2_1_reload|        scalar|
|prevState_V_3_1_reload   |   in|    6|     ap_none|                     prevState_V_3_1_reload|        scalar|
|prevState_V_0_1_reload   |   in|    6|     ap_none|                     prevState_V_0_1_reload|        scalar|
|prevState_V_1_1_reload   |   in|    6|     ap_none|                     prevState_V_1_1_reload|        scalar|
|prevState_V_2_7_reload   |   in|    6|     ap_none|                     prevState_V_2_7_reload|        scalar|
|prevState_V_3_7_reload   |   in|    6|     ap_none|                     prevState_V_3_7_reload|        scalar|
|prevState_V_0_6_reload   |   in|    6|     ap_none|                     prevState_V_0_6_reload|        scalar|
|prevState_V_1_6_reload   |   in|    6|     ap_none|                     prevState_V_1_6_reload|        scalar|
|prevState_V_2_reload     |   in|    6|     ap_none|                       prevState_V_2_reload|        scalar|
|prevState_V_3_reload     |   in|    6|     ap_none|                       prevState_V_3_reload|        scalar|
|prevState_V_0_reload     |   in|    6|     ap_none|                       prevState_V_0_reload|        scalar|
|prevState_V_1_reload     |   in|    6|     ap_none|                       prevState_V_1_reload|        scalar|
|prevState_V_2_6_reload   |   in|    6|     ap_none|                     prevState_V_2_6_reload|        scalar|
|prevState_V_3_6_reload   |   in|    6|     ap_none|                     prevState_V_3_6_reload|        scalar|
|prevState_V_0_11_reload  |   in|    6|     ap_none|                    prevState_V_0_11_reload|        scalar|
|prevState_V_1_11_reload  |   in|    6|     ap_none|                    prevState_V_1_11_reload|        scalar|
|prevState_V_2_5_reload   |   in|    6|     ap_none|                     prevState_V_2_5_reload|        scalar|
|prevState_V_3_5_reload   |   in|    6|     ap_none|                     prevState_V_3_5_reload|        scalar|
|prevState_V_0_5_reload   |   in|    6|     ap_none|                     prevState_V_0_5_reload|        scalar|
|prevState_V_1_5_reload   |   in|    6|     ap_none|                     prevState_V_1_5_reload|        scalar|
|prevState_V_2_11_reload  |   in|    6|     ap_none|                    prevState_V_2_11_reload|        scalar|
|prevState_V_3_11_reload  |   in|    6|     ap_none|                    prevState_V_3_11_reload|        scalar|
|p_Val2_1_out             |  out|   32|      ap_vld|                               p_Val2_1_out|       pointer|
|p_Val2_1_out_ap_vld      |  out|    1|      ap_vld|                               p_Val2_1_out|       pointer|
+-------------------------+-----+-----+------------+-------------------------------------------+--------------+

