

================================================================
== Vitis HLS Report for 'TrellisBuilder_Pipeline_VITIS_LOOP_1453_1'
================================================================
* Date:           Mon Oct 10 12:58:59 2022

* Version:        2022.1 (Build 3526262 on Mon Apr 18 15:48:16 MDT 2022)
* Project:        Decoder
* Solution:       Size132ZedBoard (Vivado IP Flow Target)
* Product family: zynq
* Target device:  xc7z020-clg484-1


================================================================
== Performance Estimates
================================================================
+ Timing: 
    * Summary: 
    +--------+---------+----------+------------+
    |  Clock |  Target | Estimated| Uncertainty|
    +--------+---------+----------+------------+
    |ap_clk  |  6.36 ns|  4.381 ns|     1.72 ns|
    +--------+---------+----------+------------+

+ Latency: 
    * Summary: 
    +---------+---------+----------+----------+-----+-----+---------+
    |  Latency (cycles) |  Latency (absolute) |  Interval | Pipeline|
    |   min   |   max   |    min   |    max   | min | max |   Type  |
    +---------+---------+----------+----------+-----+-----+---------+
    |      147|      147|  0.935 us|  0.935 us|  147|  147|       no|
    +---------+---------+----------+----------+-----+-----+---------+

    + Detail: 
        * Instance: 
        N/A

        * Loop: 
        +---------------------+---------+---------+----------+-----------+-----------+------+----------+
        |                     |  Latency (cycles) | Iteration|  Initiation Interval  | Trip |          |
        |      Loop Name      |   min   |   max   |  Latency |  achieved |   target  | Count| Pipelined|
        +---------------------+---------+---------+----------+-----------+-----------+------+----------+
        |- VITIS_LOOP_1453_1  |      145|      145|        17|          3|          1|    44|       yes|
        +---------------------+---------+---------+----------+-----------+-----------+------+----------+



================================================================
== Utilization Estimates
================================================================
* Summary: 
+-----------------+---------+-----+--------+-------+-----+
|       Name      | BRAM_18K| DSP |   FF   |  LUT  | URAM|
+-----------------+---------+-----+--------+-------+-----+
|DSP              |        -|    -|       -|      -|    -|
|Expression       |        -|    -|       0|    823|    -|
|FIFO             |        -|    -|       -|      -|    -|
|Instance         |        -|    0|     130|   2562|    -|
|Memory           |        -|    -|       -|      -|    -|
|Multiplexer      |        -|    -|       -|    185|    -|
|Register         |        -|    -|     357|     64|    -|
+-----------------+---------+-----+--------+-------+-----+
|Total            |        0|    0|     487|   3634|    0|
+-----------------+---------+-----+--------+-------+-----+
|Available        |      280|  220|  106400|  53200|    0|
+-----------------+---------+-----+--------+-------+-----+
|Utilization (%)  |        0|    0|      ~0|      6|    0|
+-----------------+---------+-----+--------+-------+-----+

+ Detail: 
    * Instance: 
    +--------------------------+---------------------+---------+----+-----+----+-----+
    |         Instance         |        Module       | BRAM_18K| DSP|  FF | LUT| URAM|
    +--------------------------+---------------------+---------+----+-----+----+-----+
    |mul_6ns_8ns_13_1_1_U396   |mul_6ns_8ns_13_1_1   |        0|   0|    0|  41|    0|
    |mux_165_1_1_1_U413        |mux_165_1_1_1        |        0|   0|    0|  65|    0|
    |mux_165_1_1_1_U429        |mux_165_1_1_1        |        0|   0|    0|  65|    0|
    |mux_165_1_1_1_U445        |mux_165_1_1_1        |        0|   0|    0|  65|    0|
    |mux_165_1_1_1_U461        |mux_165_1_1_1        |        0|   0|    0|  65|    0|
    |mux_165_1_1_1_U477        |mux_165_1_1_1        |        0|   0|    0|  65|    0|
    |mux_165_1_1_1_U493        |mux_165_1_1_1        |        0|   0|    0|  65|    0|
    |mux_165_1_1_1_U509        |mux_165_1_1_1        |        0|   0|    0|  65|    0|
    |mux_165_1_1_1_U525        |mux_165_1_1_1        |        0|   0|    0|  65|    0|
    |mux_165_6_1_1_U541        |mux_165_6_1_1        |        0|   0|    0|  65|    0|
    |mux_21_6_1_1_U526         |mux_21_6_1_1         |        0|   0|    0|   9|    0|
    |mux_21_6_1_1_U527         |mux_21_6_1_1         |        0|   0|    0|   9|    0|
    |mux_21_6_1_1_U528         |mux_21_6_1_1         |        0|   0|    0|   9|    0|
    |mux_21_6_1_1_U529         |mux_21_6_1_1         |        0|   0|    0|   9|    0|
    |mux_21_6_1_1_U530         |mux_21_6_1_1         |        0|   0|    0|   9|    0|
    |mux_21_6_1_1_U531         |mux_21_6_1_1         |        0|   0|    0|   9|    0|
    |mux_21_6_1_1_U532         |mux_21_6_1_1         |        0|   0|    0|   9|    0|
    |mux_21_6_1_1_U533         |mux_21_6_1_1         |        0|   0|    0|   9|    0|
    |mux_21_6_1_1_U534         |mux_21_6_1_1         |        0|   0|    0|   9|    0|
    |mux_21_6_1_1_U535         |mux_21_6_1_1         |        0|   0|    0|   9|    0|
    |mux_21_6_1_1_U536         |mux_21_6_1_1         |        0|   0|    0|   9|    0|
    |mux_21_6_1_1_U537         |mux_21_6_1_1         |        0|   0|    0|   9|    0|
    |mux_21_6_1_1_U538         |mux_21_6_1_1         |        0|   0|    0|   9|    0|
    |mux_21_6_1_1_U539         |mux_21_6_1_1         |        0|   0|    0|   9|    0|
    |mux_21_6_1_1_U540         |mux_21_6_1_1         |        0|   0|    0|   9|    0|
    |mux_32_1_1_1_U398         |mux_32_1_1_1         |        0|   0|    0|  14|    0|
    |mux_32_1_1_1_U399         |mux_32_1_1_1         |        0|   0|    0|  14|    0|
    |mux_32_1_1_1_U400         |mux_32_1_1_1         |        0|   0|    0|  14|    0|
    |mux_32_1_1_1_U401         |mux_32_1_1_1         |        0|   0|    0|  14|    0|
    |mux_32_1_1_1_U402         |mux_32_1_1_1         |        0|   0|    0|  14|    0|
    |mux_32_1_1_1_U403         |mux_32_1_1_1         |        0|   0|    0|  14|    0|
    |mux_32_1_1_1_U404         |mux_32_1_1_1         |        0|   0|    0|  14|    0|
    |mux_32_1_1_1_U405         |mux_32_1_1_1         |        0|   0|    0|  14|    0|
    |mux_32_1_1_1_U406         |mux_32_1_1_1         |        0|   0|    0|  14|    0|
    |mux_32_1_1_1_U407         |mux_32_1_1_1         |        0|   0|    0|  14|    0|
    |mux_32_1_1_1_U408         |mux_32_1_1_1         |        0|   0|    0|  14|    0|
    |mux_32_1_1_1_U409         |mux_32_1_1_1         |        0|   0|    0|  14|    0|
    |mux_32_1_1_1_U410         |mux_32_1_1_1         |        0|   0|    0|  14|    0|
    |mux_32_1_1_1_U411         |mux_32_1_1_1         |        0|   0|    0|  14|    0|
    |mux_32_1_1_1_U412         |mux_32_1_1_1         |        0|   0|    0|  14|    0|
    |mux_32_1_1_1_U414         |mux_32_1_1_1         |        0|   0|    0|  14|    0|
    |mux_32_1_1_1_U415         |mux_32_1_1_1         |        0|   0|    0|  14|    0|
    |mux_32_1_1_1_U416         |mux_32_1_1_1         |        0|   0|    0|  14|    0|
    |mux_32_1_1_1_U417         |mux_32_1_1_1         |        0|   0|    0|  14|    0|
    |mux_32_1_1_1_U418         |mux_32_1_1_1         |        0|   0|    0|  14|    0|
    |mux_32_1_1_1_U419         |mux_32_1_1_1         |        0|   0|    0|  14|    0|
    |mux_32_1_1_1_U420         |mux_32_1_1_1         |        0|   0|    0|  14|    0|
    |mux_32_1_1_1_U421         |mux_32_1_1_1         |        0|   0|    0|  14|    0|
    |mux_32_1_1_1_U422         |mux_32_1_1_1         |        0|   0|    0|  14|    0|
    |mux_32_1_1_1_U423         |mux_32_1_1_1         |        0|   0|    0|  14|    0|
    |mux_32_1_1_1_U424         |mux_32_1_1_1         |        0|   0|    0|  14|    0|
    |mux_32_1_1_1_U425         |mux_32_1_1_1         |        0|   0|    0|  14|    0|
    |mux_32_1_1_1_U426         |mux_32_1_1_1         |        0|   0|    0|  14|    0|
    |mux_32_1_1_1_U427         |mux_32_1_1_1         |        0|   0|    0|  14|    0|
    |mux_32_1_1_1_U428         |mux_32_1_1_1         |        0|   0|    0|  14|    0|
    |mux_32_1_1_1_U430         |mux_32_1_1_1         |        0|   0|    0|  14|    0|
    |mux_32_1_1_1_U431         |mux_32_1_1_1         |        0|   0|    0|  14|    0|
    |mux_32_1_1_1_U432         |mux_32_1_1_1         |        0|   0|    0|  14|    0|
    |mux_32_1_1_1_U433         |mux_32_1_1_1         |        0|   0|    0|  14|    0|
    |mux_32_1_1_1_U434         |mux_32_1_1_1         |        0|   0|    0|  14|    0|
    |mux_32_1_1_1_U435         |mux_32_1_1_1         |        0|   0|    0|  14|    0|
    |mux_32_1_1_1_U436         |mux_32_1_1_1         |        0|   0|    0|  14|    0|
    |mux_32_1_1_1_U437         |mux_32_1_1_1         |        0|   0|    0|  14|    0|
    |mux_32_1_1_1_U438         |mux_32_1_1_1         |        0|   0|    0|  14|    0|
    |mux_32_1_1_1_U439         |mux_32_1_1_1         |        0|   0|    0|  14|    0|
    |mux_32_1_1_1_U440         |mux_32_1_1_1         |        0|   0|    0|  14|    0|
    |mux_32_1_1_1_U441         |mux_32_1_1_1         |        0|   0|    0|  14|    0|
    |mux_32_1_1_1_U442         |mux_32_1_1_1         |        0|   0|    0|  14|    0|
    |mux_32_1_1_1_U443         |mux_32_1_1_1         |        0|   0|    0|  14|    0|
    |mux_32_1_1_1_U444         |mux_32_1_1_1         |        0|   0|    0|  14|    0|
    |mux_32_1_1_1_U446         |mux_32_1_1_1         |        0|   0|    0|  14|    0|
    |mux_32_1_1_1_U447         |mux_32_1_1_1         |        0|   0|    0|  14|    0|
    |mux_32_1_1_1_U448         |mux_32_1_1_1         |        0|   0|    0|  14|    0|
    |mux_32_1_1_1_U449         |mux_32_1_1_1         |        0|   0|    0|  14|    0|
    |mux_32_1_1_1_U450         |mux_32_1_1_1         |        0|   0|    0|  14|    0|
    |mux_32_1_1_1_U451         |mux_32_1_1_1         |        0|   0|    0|  14|    0|
    |mux_32_1_1_1_U452         |mux_32_1_1_1         |        0|   0|    0|  14|    0|
    |mux_32_1_1_1_U453         |mux_32_1_1_1         |        0|   0|    0|  14|    0|
    |mux_32_1_1_1_U454         |mux_32_1_1_1         |        0|   0|    0|  14|    0|
    |mux_32_1_1_1_U455         |mux_32_1_1_1         |        0|   0|    0|  14|    0|
    |mux_32_1_1_1_U456         |mux_32_1_1_1         |        0|   0|    0|  14|    0|
    |mux_32_1_1_1_U457         |mux_32_1_1_1         |        0|   0|    0|  14|    0|
    |mux_32_1_1_1_U458         |mux_32_1_1_1         |        0|   0|    0|  14|    0|
    |mux_32_1_1_1_U459         |mux_32_1_1_1         |        0|   0|    0|  14|    0|
    |mux_32_1_1_1_U460         |mux_32_1_1_1         |        0|   0|    0|  14|    0|
    |mux_32_1_1_1_U462         |mux_32_1_1_1         |        0|   0|    0|  14|    0|
    |mux_32_1_1_1_U463         |mux_32_1_1_1         |        0|   0|    0|  14|    0|
    |mux_32_1_1_1_U464         |mux_32_1_1_1         |        0|   0|    0|  14|    0|
    |mux_32_1_1_1_U465         |mux_32_1_1_1         |        0|   0|    0|  14|    0|
    |mux_32_1_1_1_U466         |mux_32_1_1_1         |        0|   0|    0|  14|    0|
    |mux_32_1_1_1_U467         |mux_32_1_1_1         |        0|   0|    0|  14|    0|
    |mux_32_1_1_1_U468         |mux_32_1_1_1         |        0|   0|    0|  14|    0|
    |mux_32_1_1_1_U469         |mux_32_1_1_1         |        0|   0|    0|  14|    0|
    |mux_32_1_1_1_U470         |mux_32_1_1_1         |        0|   0|    0|  14|    0|
    |mux_32_1_1_1_U471         |mux_32_1_1_1         |        0|   0|    0|  14|    0|
    |mux_32_1_1_1_U472         |mux_32_1_1_1         |        0|   0|    0|  14|    0|
    |mux_32_1_1_1_U473         |mux_32_1_1_1         |        0|   0|    0|  14|    0|
    |mux_32_1_1_1_U474         |mux_32_1_1_1         |        0|   0|    0|  14|    0|
    |mux_32_1_1_1_U475         |mux_32_1_1_1         |        0|   0|    0|  14|    0|
    |mux_32_1_1_1_U476         |mux_32_1_1_1         |        0|   0|    0|  14|    0|
    |mux_32_1_1_1_U478         |mux_32_1_1_1         |        0|   0|    0|  14|    0|
    |mux_32_1_1_1_U479         |mux_32_1_1_1         |        0|   0|    0|  14|    0|
    |mux_32_1_1_1_U480         |mux_32_1_1_1         |        0|   0|    0|  14|    0|
    |mux_32_1_1_1_U481         |mux_32_1_1_1         |        0|   0|    0|  14|    0|
    |mux_32_1_1_1_U482         |mux_32_1_1_1         |        0|   0|    0|  14|    0|
    |mux_32_1_1_1_U483         |mux_32_1_1_1         |        0|   0|    0|  14|    0|
    |mux_32_1_1_1_U484         |mux_32_1_1_1         |        0|   0|    0|  14|    0|
    |mux_32_1_1_1_U485         |mux_32_1_1_1         |        0|   0|    0|  14|    0|
    |mux_32_1_1_1_U486         |mux_32_1_1_1         |        0|   0|    0|  14|    0|
    |mux_32_1_1_1_U487         |mux_32_1_1_1         |        0|   0|    0|  14|    0|
    |mux_32_1_1_1_U488         |mux_32_1_1_1         |        0|   0|    0|  14|    0|
    |mux_32_1_1_1_U489         |mux_32_1_1_1         |        0|   0|    0|  14|    0|
    |mux_32_1_1_1_U490         |mux_32_1_1_1         |        0|   0|    0|  14|    0|
    |mux_32_1_1_1_U491         |mux_32_1_1_1         |        0|   0|    0|  14|    0|
    |mux_32_1_1_1_U492         |mux_32_1_1_1         |        0|   0|    0|  14|    0|
    |mux_32_1_1_1_U494         |mux_32_1_1_1         |        0|   0|    0|  14|    0|
    |mux_32_1_1_1_U495         |mux_32_1_1_1         |        0|   0|    0|  14|    0|
    |mux_32_1_1_1_U496         |mux_32_1_1_1         |        0|   0|    0|  14|    0|
    |mux_32_1_1_1_U497         |mux_32_1_1_1         |        0|   0|    0|  14|    0|
    |mux_32_1_1_1_U498         |mux_32_1_1_1         |        0|   0|    0|  14|    0|
    |mux_32_1_1_1_U499         |mux_32_1_1_1         |        0|   0|    0|  14|    0|
    |mux_32_1_1_1_U500         |mux_32_1_1_1         |        0|   0|    0|  14|    0|
    |mux_32_1_1_1_U501         |mux_32_1_1_1         |        0|   0|    0|  14|    0|
    |mux_32_1_1_1_U502         |mux_32_1_1_1         |        0|   0|    0|  14|    0|
    |mux_32_1_1_1_U503         |mux_32_1_1_1         |        0|   0|    0|  14|    0|
    |mux_32_1_1_1_U504         |mux_32_1_1_1         |        0|   0|    0|  14|    0|
    |mux_32_1_1_1_U505         |mux_32_1_1_1         |        0|   0|    0|  14|    0|
    |mux_32_1_1_1_U506         |mux_32_1_1_1         |        0|   0|    0|  14|    0|
    |mux_32_1_1_1_U507         |mux_32_1_1_1         |        0|   0|    0|  14|    0|
    |mux_32_1_1_1_U508         |mux_32_1_1_1         |        0|   0|    0|  14|    0|
    |mux_32_1_1_1_U510         |mux_32_1_1_1         |        0|   0|    0|  14|    0|
    |mux_32_1_1_1_U511         |mux_32_1_1_1         |        0|   0|    0|  14|    0|
    |mux_32_1_1_1_U512         |mux_32_1_1_1         |        0|   0|    0|  14|    0|
    |mux_32_1_1_1_U513         |mux_32_1_1_1         |        0|   0|    0|  14|    0|
    |mux_32_1_1_1_U514         |mux_32_1_1_1         |        0|   0|    0|  14|    0|
    |mux_32_1_1_1_U515         |mux_32_1_1_1         |        0|   0|    0|  14|    0|
    |mux_32_1_1_1_U516         |mux_32_1_1_1         |        0|   0|    0|  14|    0|
    |mux_32_1_1_1_U517         |mux_32_1_1_1         |        0|   0|    0|  14|    0|
    |mux_32_1_1_1_U518         |mux_32_1_1_1         |        0|   0|    0|  14|    0|
    |mux_32_1_1_1_U519         |mux_32_1_1_1         |        0|   0|    0|  14|    0|
    |mux_32_1_1_1_U520         |mux_32_1_1_1         |        0|   0|    0|  14|    0|
    |mux_32_1_1_1_U521         |mux_32_1_1_1         |        0|   0|    0|  14|    0|
    |mux_32_1_1_1_U522         |mux_32_1_1_1         |        0|   0|    0|  14|    0|
    |mux_32_1_1_1_U523         |mux_32_1_1_1         |        0|   0|    0|  14|    0|
    |mux_32_1_1_1_U524         |mux_32_1_1_1         |        0|   0|    0|  14|    0|
    |mux_83_1_1_1_U542         |mux_83_1_1_1         |        0|   0|    0|  42|    0|
    |urem_6ns_3ns_2_10_1_U397  |urem_6ns_3ns_2_10_1  |        0|   0|  130|  79|    0|
    +--------------------------+---------------------+---------+----+-----+----+-----+
    |Total                     |                     |        0|   0|  130|2562|    0|
    +--------------------------+---------------------+---------+----+-----+----+-----+

    * DSP: 
    N/A

    * Memory: 
    N/A

    * FIFO: 
    N/A

    * Expression: 
    +--------------------------+----------+----+---+----+------------+------------+
    |       Variable Name      | Operation| DSP| FF| LUT| Bitwidth P0| Bitwidth P1|
    +--------------------------+----------+----+---+----+------------+------------+
    |add_ln1492_fu_3626_p2     |         +|   0|  0|  14|           6|           1|
    |k_1_fu_6001_p2            |         +|   0|  0|  14|           7|           2|
    |sub_ln1456_fu_3632_p2     |         -|   0|  0|  14|           6|           6|
    |ap_condition_4787         |       and|   0|  0|   2|           1|           1|
    |ap_condition_4796         |       and|   0|  0|   2|           1|           1|
    |ap_condition_4804         |       and|   0|  0|   2|           1|           1|
    |ap_condition_4811         |       and|   0|  0|   2|           1|           1|
    |ap_condition_4817         |       and|   0|  0|   2|           1|           1|
    |ap_condition_4822         |       and|   0|  0|   2|           1|           1|
    |ap_condition_4826         |       and|   0|  0|   2|           1|           1|
    |empty_100_fu_5621_p2      |      icmp|   0|  0|  10|           6|           5|
    |empty_101_fu_5626_p2      |      icmp|   0|  0|  10|           6|           4|
    |empty_103_fu_5637_p2      |      icmp|   0|  0|  10|           6|           3|
    |empty_110_fu_5678_p2      |      icmp|   0|  0|  10|           6|           4|
    |empty_111_fu_5683_p2      |      icmp|   0|  0|  10|           6|           5|
    |empty_112_fu_5688_p2      |      icmp|   0|  0|  10|           6|           6|
    |empty_113_fu_5693_p2      |      icmp|   0|  0|  10|           6|           6|
    |empty_114_fu_5698_p2      |      icmp|   0|  0|  10|           6|           5|
    |empty_115_fu_5703_p2      |      icmp|   0|  0|  10|           6|           5|
    |empty_116_fu_5708_p2      |      icmp|   0|  0|  10|           6|           4|
    |empty_118_fu_5719_p2      |      icmp|   0|  0|  10|           6|           3|
    |empty_125_fu_5760_p2      |      icmp|   0|  0|  10|           6|           4|
    |empty_126_fu_5765_p2      |      icmp|   0|  0|  10|           6|           5|
    |empty_127_fu_5770_p2      |      icmp|   0|  0|  10|           6|           6|
    |empty_128_fu_5775_p2      |      icmp|   0|  0|  10|           6|           6|
    |empty_129_fu_5780_p2      |      icmp|   0|  0|  10|           6|           5|
    |empty_130_fu_5785_p2      |      icmp|   0|  0|  10|           6|           5|
    |empty_131_fu_5790_p2      |      icmp|   0|  0|  10|           6|           4|
    |empty_133_fu_5801_p2      |      icmp|   0|  0|  10|           6|           3|
    |empty_35_fu_5268_p2       |      icmp|   0|  0|  10|           6|           2|
    |empty_36_fu_5273_p2       |      icmp|   0|  0|  10|           6|           5|
    |empty_37_fu_5278_p2       |      icmp|   0|  0|  10|           6|           6|
    |empty_38_fu_5283_p2       |      icmp|   0|  0|  10|           6|           6|
    |empty_39_fu_5288_p2       |      icmp|   0|  0|  10|           6|           5|
    |empty_40_fu_5293_p2       |      icmp|   0|  0|  10|           6|           5|
    |empty_41_fu_5298_p2       |      icmp|   0|  0|  10|           6|           4|
    |empty_43_fu_5309_p2       |      icmp|   0|  0|  10|           6|           1|
    |empty_50_fu_5350_p2       |      icmp|   0|  0|  10|           6|           3|
    |empty_51_fu_5355_p2       |      icmp|   0|  0|  10|           6|           5|
    |empty_52_fu_5360_p2       |      icmp|   0|  0|  10|           6|           6|
    |empty_53_fu_5365_p2       |      icmp|   0|  0|  10|           6|           6|
    |empty_54_fu_5370_p2       |      icmp|   0|  0|  10|           6|           5|
    |empty_55_fu_5375_p2       |      icmp|   0|  0|  10|           6|           5|
    |empty_56_fu_5380_p2       |      icmp|   0|  0|  10|           6|           4|
    |empty_58_fu_5391_p2       |      icmp|   0|  0|  10|           6|           1|
    |empty_65_fu_5432_p2       |      icmp|   0|  0|  10|           6|           3|
    |empty_66_fu_5437_p2       |      icmp|   0|  0|  10|           6|           6|
    |empty_67_fu_5442_p2       |      icmp|   0|  0|  10|           6|           6|
    |empty_68_fu_5447_p2       |      icmp|   0|  0|  10|           6|           6|
    |empty_69_fu_5452_p2       |      icmp|   0|  0|  10|           6|           5|
    |empty_70_fu_5457_p2       |      icmp|   0|  0|  10|           6|           5|
    |empty_71_fu_5462_p2       |      icmp|   0|  0|  10|           6|           4|
    |empty_73_fu_5473_p2       |      icmp|   0|  0|  10|           6|           2|
    |empty_80_fu_5514_p2       |      icmp|   0|  0|  10|           6|           4|
    |empty_81_fu_5519_p2       |      icmp|   0|  0|  10|           6|           5|
    |empty_82_fu_5524_p2       |      icmp|   0|  0|  10|           6|           6|
    |empty_83_fu_5529_p2       |      icmp|   0|  0|  10|           6|           7|
    |empty_84_fu_5534_p2       |      icmp|   0|  0|  10|           6|           5|
    |empty_85_fu_5539_p2       |      icmp|   0|  0|  10|           6|           5|
    |empty_86_fu_5544_p2       |      icmp|   0|  0|  10|           6|           4|
    |empty_88_fu_5555_p2       |      icmp|   0|  0|  10|           6|           2|
    |empty_95_fu_5596_p2       |      icmp|   0|  0|  10|           6|           4|
    |empty_96_fu_5601_p2       |      icmp|   0|  0|  10|           6|           5|
    |empty_97_fu_5606_p2       |      icmp|   0|  0|  10|           6|           6|
    |empty_98_fu_5611_p2       |      icmp|   0|  0|  10|           6|           6|
    |empty_99_fu_5616_p2       |      icmp|   0|  0|  10|           6|           5|
    |icmp_ln1065_1_fu_5847_p2  |      icmp|   0|  0|  10|           6|           4|
    |icmp_ln1065_2_fu_5852_p2  |      icmp|   0|  0|  10|           6|           5|
    |icmp_ln1065_3_fu_5857_p2  |      icmp|   0|  0|  10|           6|           5|
    |icmp_ln1065_4_fu_5862_p2  |      icmp|   0|  0|  10|           6|           6|
    |icmp_ln1065_5_fu_5867_p2  |      icmp|   0|  0|  10|           6|           6|
    |icmp_ln1065_6_fu_5872_p2  |      icmp|   0|  0|  10|           6|           5|
    |icmp_ln1065_7_fu_5877_p2  |      icmp|   0|  0|  10|           6|           5|
    |icmp_ln1065_fu_5842_p2    |      icmp|   0|  0|  10|           6|           3|
    |icmp_ln1453_fu_3620_p2    |      icmp|   0|  0|  10|           6|           6|
    |empty_102_fu_5631_p2      |        or|   0|  0|   2|           1|           1|
    |empty_104_fu_5642_p2      |        or|   0|  0|   2|           1|           1|
    |empty_105_fu_5648_p2      |        or|   0|  0|   2|           1|           1|
    |empty_106_fu_5654_p2      |        or|   0|  0|   2|           1|           1|
    |empty_107_fu_5660_p2      |        or|   0|  0|   2|           1|           1|
    |empty_108_fu_5666_p2      |        or|   0|  0|   2|           1|           1|
    |empty_109_fu_5672_p2      |        or|   0|  0|   2|           1|           1|
    |empty_117_fu_5713_p2      |        or|   0|  0|   2|           1|           1|
    |empty_119_fu_5724_p2      |        or|   0|  0|   2|           1|           1|
    |empty_120_fu_5730_p2      |        or|   0|  0|   2|           1|           1|
    |empty_121_fu_5736_p2      |        or|   0|  0|   2|           1|           1|
    |empty_122_fu_5742_p2      |        or|   0|  0|   2|           1|           1|
    |empty_123_fu_5748_p2      |        or|   0|  0|   2|           1|           1|
    |empty_124_fu_5754_p2      |        or|   0|  0|   2|           1|           1|
    |empty_132_fu_5795_p2      |        or|   0|  0|   2|           1|           1|
    |empty_134_fu_5806_p2      |        or|   0|  0|   2|           1|           1|
    |empty_135_fu_5812_p2      |        or|   0|  0|   2|           1|           1|
    |empty_136_fu_5818_p2      |        or|   0|  0|   2|           1|           1|
    |empty_137_fu_5824_p2      |        or|   0|  0|   2|           1|           1|
    |empty_138_fu_5830_p2      |        or|   0|  0|   2|           1|           1|
    |empty_139_fu_5836_p2      |        or|   0|  0|   2|           1|           1|
    |empty_42_fu_5303_p2       |        or|   0|  0|   2|           1|           1|
    |empty_44_fu_5314_p2       |        or|   0|  0|   2|           1|           1|
    |empty_45_fu_5320_p2       |        or|   0|  0|   2|           1|           1|
    |empty_46_fu_5326_p2       |        or|   0|  0|   2|           1|           1|
    |empty_47_fu_5332_p2       |        or|   0|  0|   2|           1|           1|
    |empty_48_fu_5338_p2       |        or|   0|  0|   2|           1|           1|
    |empty_49_fu_5344_p2       |        or|   0|  0|   2|           1|           1|
    |empty_57_fu_5385_p2       |        or|   0|  0|   2|           1|           1|
    |empty_59_fu_5396_p2       |        or|   0|  0|   2|           1|           1|
    |empty_60_fu_5402_p2       |        or|   0|  0|   2|           1|           1|
    |empty_61_fu_5408_p2       |        or|   0|  0|   2|           1|           1|
    |empty_62_fu_5414_p2       |        or|   0|  0|   2|           1|           1|
    |empty_63_fu_5420_p2       |        or|   0|  0|   2|           1|           1|
    |empty_64_fu_5426_p2       |        or|   0|  0|   2|           1|           1|
    |empty_72_fu_5467_p2       |        or|   0|  0|   2|           1|           1|
    |empty_74_fu_5478_p2       |        or|   0|  0|   2|           1|           1|
    |empty_75_fu_5484_p2       |        or|   0|  0|   2|           1|           1|
    |empty_76_fu_5490_p2       |        or|   0|  0|   2|           1|           1|
    |empty_77_fu_5496_p2       |        or|   0|  0|   2|           1|           1|
    |empty_78_fu_5502_p2       |        or|   0|  0|   2|           1|           1|
    |empty_79_fu_5508_p2       |        or|   0|  0|   2|           1|           1|
    |empty_87_fu_5549_p2       |        or|   0|  0|   2|           1|           1|
    |empty_89_fu_5560_p2       |        or|   0|  0|   2|           1|           1|
    |empty_90_fu_5566_p2       |        or|   0|  0|   2|           1|           1|
    |empty_91_fu_5572_p2       |        or|   0|  0|   2|           1|           1|
    |empty_92_fu_5578_p2       |        or|   0|  0|   2|           1|           1|
    |empty_93_fu_5584_p2       |        or|   0|  0|   2|           1|           1|
    |empty_94_fu_5590_p2       |        or|   0|  0|   2|           1|           1|
    |or_ln1484_1_fu_5882_p2    |        or|   0|  0|   2|           1|           1|
    |or_ln1484_2_fu_5905_p2    |        or|   0|  0|   2|           1|           1|
    |or_ln1484_3_fu_5895_p2    |        or|   0|  0|   2|           1|           1|
    |or_ln1484_4_fu_5891_p2    |        or|   0|  0|   2|           1|           1|
    |or_ln1484_5_fu_5899_p2    |        or|   0|  0|   2|           1|           1|
    |or_ln1484_6_fu_5910_p2    |        or|   0|  0|   2|           1|           1|
    |or_ln1484_fu_5886_p2      |        or|   0|  0|   2|           1|           1|
    |select_ln1484_fu_5916_p3  |    select|   0|  0|   3|           1|           2|
    |ap_enable_pp0             |       xor|   0|  0|   2|           1|           2|
    +--------------------------+----------+----+---+----+------------+------------+
    |Total                     |          |   0|  0| 823|         474|         379|
    +--------------------------+----------+----+---+----+------------+------------+

    * Multiplexer: 
    +----------------------------------+----+-----------+-----+-----------+
    |               Name               | LUT| Input Size| Bits| Total Bits|
    +----------------------------------+----+-----------+-----+-----------+
    |Bucket_V_1_fu_994                 |  48|          9|    3|         27|
    |ap_NS_fsm                         |  20|          4|    1|          4|
    |ap_done_int                       |   9|          2|    1|          2|
    |ap_enable_reg_pp0_iter0           |   9|          2|    1|          2|
    |ap_enable_reg_pp0_iter1           |   9|          2|    1|          2|
    |ap_enable_reg_pp0_iter5           |   9|          2|    1|          2|
    |ap_loop_exit_ready_pp0_iter1_reg  |   9|          2|    1|          2|
    |ap_loop_exit_ready_pp0_iter2_reg  |   9|          2|    1|          2|
    |ap_loop_exit_ready_pp0_iter3_reg  |   9|          2|    1|          2|
    |ap_loop_exit_ready_pp0_iter4_reg  |   9|          2|    1|          2|
    |ap_sig_allocacmp_count_1          |   9|          2|    6|         12|
    |count_fu_1010                     |   9|          2|    6|         12|
    |k_fu_1002                         |   9|          2|    7|         14|
    |p_Val2_s_fu_1006                  |   9|          2|   48|         96|
    |phi_ln1369_fu_998                 |   9|          2|    3|          6|
    +----------------------------------+----+-----------+-----+-----------+
    |Total                             | 185|         39|   82|        187|
    +----------------------------------+----+-----------+-----+-----------+

    * Register: 
    +----------------------------------+----+----+-----+-----------+
    |               Name               | FF | LUT| Bits| Const Bits|
    +----------------------------------+----+----+-----+-----------+
    |Bucket_V_1_fu_994                 |   3|   0|    3|          0|
    |add_ln1492_reg_7869               |   6|   0|    6|          0|
    |ap_CS_fsm                         |   3|   0|    3|          0|
    |ap_done_reg                       |   1|   0|    1|          0|
    |ap_enable_reg_pp0_iter0_reg       |   1|   0|    1|          0|
    |ap_enable_reg_pp0_iter1           |   1|   0|    1|          0|
    |ap_enable_reg_pp0_iter2           |   1|   0|    1|          0|
    |ap_enable_reg_pp0_iter3           |   1|   0|    1|          0|
    |ap_enable_reg_pp0_iter4           |   1|   0|    1|          0|
    |ap_enable_reg_pp0_iter5           |   1|   0|    1|          0|
    |ap_loop_exit_ready_pp0_iter1_reg  |   1|   0|    1|          0|
    |ap_loop_exit_ready_pp0_iter2_reg  |   1|   0|    1|          0|
    |ap_loop_exit_ready_pp0_iter3_reg  |   1|   0|    1|          0|
    |ap_loop_exit_ready_pp0_iter4_reg  |   1|   0|    1|          0|
    |count_fu_1010                     |   6|   0|    6|          0|
    |empty_109_reg_8266                |   1|   0|    1|          0|
    |empty_124_reg_8270                |   1|   0|    1|          0|
    |empty_139_reg_8274                |   1|   0|    1|          0|
    |empty_49_reg_8250                 |   1|   0|    1|          0|
    |empty_64_reg_8254                 |   1|   0|    1|          0|
    |empty_79_reg_8258                 |   1|   0|    1|          0|
    |empty_94_reg_8262                 |   1|   0|    1|          0|
    |icmp_ln1065_1_reg_8283            |   1|   0|    1|          0|
    |icmp_ln1065_2_reg_8288            |   1|   0|    1|          0|
    |icmp_ln1065_3_reg_8293            |   1|   0|    1|          0|
    |icmp_ln1065_4_reg_8298            |   1|   0|    1|          0|
    |icmp_ln1065_5_reg_8303            |   1|   0|    1|          0|
    |icmp_ln1065_6_reg_8308            |   1|   0|    1|          0|
    |icmp_ln1065_7_reg_8313            |   1|   0|    1|          0|
    |icmp_ln1065_reg_8278              |   1|   0|    1|          0|
    |icmp_ln1453_reg_7865              |   1|   0|    1|          0|
    |k_fu_1002                         |   7|   0|    7|          0|
    |p_Val2_s_fu_1006                  |  48|   0|   48|          0|
    |phi_ln1369_fu_998                 |   3|   0|    3|          0|
    |sub_ln1456_reg_7874               |   6|   0|    6|          0|
    |tmp_10_reg_8162                   |   6|   0|    6|          0|
    |tmp_11_reg_8167                   |   6|   0|    6|          0|
    |tmp_12_reg_8172                   |   6|   0|    6|          0|
    |tmp_13_reg_8177                   |   6|   0|    6|          0|
    |tmp_144_reg_7898                  |   1|   0|    1|          0|
    |tmp_14_reg_8182                   |   6|   0|    6|          0|
    |tmp_15_reg_8067                   |   1|   0|    1|          0|
    |tmp_15_reg_8067_pp0_iter4_reg     |   1|   0|    1|          0|
    |tmp_16_reg_8072                   |   1|   0|    1|          0|
    |tmp_16_reg_8072_pp0_iter4_reg     |   1|   0|    1|          0|
    |tmp_17_reg_8077                   |   1|   0|    1|          0|
    |tmp_17_reg_8077_pp0_iter4_reg     |   1|   0|    1|          0|
    |tmp_18_reg_8082                   |   1|   0|    1|          0|
    |tmp_18_reg_8082_pp0_iter4_reg     |   1|   0|    1|          0|
    |tmp_19_reg_8087                   |   1|   0|    1|          0|
    |tmp_19_reg_8087_pp0_iter4_reg     |   1|   0|    1|          0|
    |tmp_1_reg_8112                    |   6|   0|    6|          0|
    |tmp_20_reg_8092                   |   1|   0|    1|          0|
    |tmp_20_reg_8092_pp0_iter4_reg     |   1|   0|    1|          0|
    |tmp_21_reg_8097                   |   1|   0|    1|          0|
    |tmp_21_reg_8097_pp0_iter4_reg     |   1|   0|    1|          0|
    |tmp_22_reg_8102                   |   1|   0|    1|          0|
    |tmp_22_reg_8102_pp0_iter4_reg     |   1|   0|    1|          0|
    |tmp_23_reg_7880                   |   5|   0|    5|          0|
    |tmp_2_reg_8117                    |   6|   0|    6|          0|
    |tmp_3_reg_8122                    |   6|   0|    6|          0|
    |tmp_4_reg_8127                    |   6|   0|    6|          0|
    |tmp_5_reg_8132                    |   6|   0|    6|          0|
    |tmp_6_reg_8137                    |   6|   0|    6|          0|
    |tmp_7_reg_8142                    |   6|   0|    6|          0|
    |tmp_8_reg_8147                    |   6|   0|    6|          0|
    |tmp_9_reg_8152                    |   6|   0|    6|          0|
    |tmp_reg_8107                      |   6|   0|    6|          0|
    |tmp_s_reg_8157                    |   6|   0|    6|          0|
    |urem_ln1065_reg_7893              |   2|   0|    2|          0|
    |icmp_ln1453_reg_7865              |  64|  32|    1|          0|
    |tmp_23_reg_7880                   |  64|  32|    5|          0|
    +----------------------------------+----+----+-----+-----------+
    |Total                             | 357|  64|  235|          0|
    +----------------------------------+----+----+-----+-----------+



================================================================
== Interface
================================================================
* Summary: 
+-------------------------+-----+-----+------------+-------------------------------------------+--------------+
|        RTL Ports        | Dir | Bits|  Protocol  |               Source Object               |    C Type    |
+-------------------------+-----+-----+------------+-------------------------------------------+--------------+
|ap_clk                   |   in|    1|  ap_ctrl_hs|  TrellisBuilder_Pipeline_VITIS_LOOP_1453_1|  return value|
|ap_rst                   |   in|    1|  ap_ctrl_hs|  TrellisBuilder_Pipeline_VITIS_LOOP_1453_1|  return value|
|ap_start                 |   in|    1|  ap_ctrl_hs|  TrellisBuilder_Pipeline_VITIS_LOOP_1453_1|  return value|
|ap_done                  |  out|    1|  ap_ctrl_hs|  TrellisBuilder_Pipeline_VITIS_LOOP_1453_1|  return value|
|ap_idle                  |  out|    1|  ap_ctrl_hs|  TrellisBuilder_Pipeline_VITIS_LOOP_1453_1|  return value|
|ap_ready                 |  out|    1|  ap_ctrl_hs|  TrellisBuilder_Pipeline_VITIS_LOOP_1453_1|  return value|
|p_Result_s               |   in|   48|     ap_none|                                 p_Result_s|        scalar|
|prevState_V_28_load      |   in|    3|     ap_none|                        prevState_V_28_load|        scalar|
|Bucket_V                 |   in|    3|     ap_none|                                   Bucket_V|        scalar|
|choice_0_0_reload        |   in|    1|     ap_none|                          choice_0_0_reload|        scalar|
|choice_1_0_reload        |   in|    1|     ap_none|                          choice_1_0_reload|        scalar|
|choice_2_0_reload        |   in|    1|     ap_none|                          choice_2_0_reload|        scalar|
|choice_0_1_0_reload      |   in|    1|     ap_none|                        choice_0_1_0_reload|        scalar|
|choice_1_1_0_reload      |   in|    1|     ap_none|                        choice_1_1_0_reload|        scalar|
|choice_2_1_0_reload      |   in|    1|     ap_none|                        choice_2_1_0_reload|        scalar|
|choice_0_2_0_reload      |   in|    1|     ap_none|                        choice_0_2_0_reload|        scalar|
|choice_1_2_0_reload      |   in|    1|     ap_none|                        choice_1_2_0_reload|        scalar|
|choice_2_2_0_reload      |   in|    1|     ap_none|                        choice_2_2_0_reload|        scalar|
|choice_0_3_0_reload      |   in|    1|     ap_none|                        choice_0_3_0_reload|        scalar|
|choice_1_3_0_reload      |   in|    1|     ap_none|                        choice_1_3_0_reload|        scalar|
|choice_2_3_0_reload      |   in|    1|     ap_none|                        choice_2_3_0_reload|        scalar|
|choice_0_4_0_reload      |   in|    1|     ap_none|                        choice_0_4_0_reload|        scalar|
|choice_1_4_0_reload      |   in|    1|     ap_none|                        choice_1_4_0_reload|        scalar|
|choice_2_4_0_reload      |   in|    1|     ap_none|                        choice_2_4_0_reload|        scalar|
|choice_0_5_0_reload      |   in|    1|     ap_none|                        choice_0_5_0_reload|        scalar|
|choice_1_5_0_reload      |   in|    1|     ap_none|                        choice_1_5_0_reload|        scalar|
|choice_2_5_0_reload      |   in|    1|     ap_none|                        choice_2_5_0_reload|        scalar|
|choice_0_6_0_reload      |   in|    1|     ap_none|                        choice_0_6_0_reload|        scalar|
|choice_1_6_0_reload      |   in|    1|     ap_none|                        choice_1_6_0_reload|        scalar|
|choice_2_6_0_reload      |   in|    1|     ap_none|                        choice_2_6_0_reload|        scalar|
|choice_0_7_0_reload      |   in|    1|     ap_none|                        choice_0_7_0_reload|        scalar|
|choice_1_7_0_reload      |   in|    1|     ap_none|                        choice_1_7_0_reload|        scalar|
|choice_2_7_0_reload      |   in|    1|     ap_none|                        choice_2_7_0_reload|        scalar|
|choice_0_8_0_reload      |   in|    1|     ap_none|                        choice_0_8_0_reload|        scalar|
|choice_1_8_0_reload      |   in|    1|     ap_none|                        choice_1_8_0_reload|        scalar|
|choice_2_8_0_reload      |   in|    1|     ap_none|                        choice_2_8_0_reload|        scalar|
|choice_0_9_0_reload      |   in|    1|     ap_none|                        choice_0_9_0_reload|        scalar|
|choice_1_9_0_reload      |   in|    1|     ap_none|                        choice_1_9_0_reload|        scalar|
|choice_2_9_0_reload      |   in|    1|     ap_none|                        choice_2_9_0_reload|        scalar|
|choice_0_10_0_reload     |   in|    1|     ap_none|                       choice_0_10_0_reload|        scalar|
|choice_1_10_0_reload     |   in|    1|     ap_none|                       choice_1_10_0_reload|        scalar|
|choice_2_10_0_reload     |   in|    1|     ap_none|                       choice_2_10_0_reload|        scalar|
|choice_0_11_0_reload     |   in|    1|     ap_none|                       choice_0_11_0_reload|        scalar|
|choice_1_11_0_reload     |   in|    1|     ap_none|                       choice_1_11_0_reload|        scalar|
|choice_2_11_0_reload     |   in|    1|     ap_none|                       choice_2_11_0_reload|        scalar|
|choice_0_12_0_reload     |   in|    1|     ap_none|                       choice_0_12_0_reload|        scalar|
|choice_1_12_0_reload     |   in|    1|     ap_none|                       choice_1_12_0_reload|        scalar|
|choice_2_12_0_reload     |   in|    1|     ap_none|                       choice_2_12_0_reload|        scalar|
|choice_0_13_0_reload     |   in|    1|     ap_none|                       choice_0_13_0_reload|        scalar|
|choice_1_13_0_reload     |   in|    1|     ap_none|                       choice_1_13_0_reload|        scalar|
|choice_2_13_0_reload     |   in|    1|     ap_none|                       choice_2_13_0_reload|        scalar|
|choice_0_14_0_reload     |   in|    1|     ap_none|                       choice_0_14_0_reload|        scalar|
|choice_1_14_0_reload     |   in|    1|     ap_none|                       choice_1_14_0_reload|        scalar|
|p_Repl2_reload           |   in|    1|     ap_none|                             p_Repl2_reload|        scalar|
|choice_0_15_0_reload     |   in|    1|     ap_none|                       choice_0_15_0_reload|        scalar|
|choice_1_15_0_reload     |   in|    1|     ap_none|                       choice_1_15_0_reload|        scalar|
|choice_2_15_0_reload     |   in|    1|     ap_none|                       choice_2_15_0_reload|        scalar|
|choice_0_16_0_reload     |   in|    1|     ap_none|                       choice_0_16_0_reload|        scalar|
|choice_1_16_0_reload     |   in|    1|     ap_none|                       choice_1_16_0_reload|        scalar|
|choice_2_16_0_reload     |   in|    1|     ap_none|                       choice_2_16_0_reload|        scalar|
|choice_0_17_0_reload     |   in|    1|     ap_none|                       choice_0_17_0_reload|        scalar|
|choice_1_17_0_reload     |   in|    1|     ap_none|                       choice_1_17_0_reload|        scalar|
|choice_2_17_0_reload     |   in|    1|     ap_none|                       choice_2_17_0_reload|        scalar|
|choice_0_18_0_reload     |   in|    1|     ap_none|                       choice_0_18_0_reload|        scalar|
|choice_1_18_0_reload     |   in|    1|     ap_none|                       choice_1_18_0_reload|        scalar|
|choice_2_18_0_reload     |   in|    1|     ap_none|                       choice_2_18_0_reload|        scalar|
|choice_0_19_0_reload     |   in|    1|     ap_none|                       choice_0_19_0_reload|        scalar|
|choice_1_19_0_reload     |   in|    1|     ap_none|                       choice_1_19_0_reload|        scalar|
|choice_2_19_0_reload     |   in|    1|     ap_none|                       choice_2_19_0_reload|        scalar|
|choice_0_20_0_reload     |   in|    1|     ap_none|                       choice_0_20_0_reload|        scalar|
|choice_1_20_0_reload     |   in|    1|     ap_none|                       choice_1_20_0_reload|        scalar|
|choice_2_20_0_reload     |   in|    1|     ap_none|                       choice_2_20_0_reload|        scalar|
|choice_0_21_0_reload     |   in|    1|     ap_none|                       choice_0_21_0_reload|        scalar|
|choice_1_21_0_reload     |   in|    1|     ap_none|                       choice_1_21_0_reload|        scalar|
|choice_2_21_0_reload     |   in|    1|     ap_none|                       choice_2_21_0_reload|        scalar|
|choice_0_22_0_reload     |   in|    1|     ap_none|                       choice_0_22_0_reload|        scalar|
|choice_1_22_0_reload     |   in|    1|     ap_none|                       choice_1_22_0_reload|        scalar|
|choice_2_22_0_reload     |   in|    1|     ap_none|                       choice_2_22_0_reload|        scalar|
|choice_0_23_0_reload     |   in|    1|     ap_none|                       choice_0_23_0_reload|        scalar|
|choice_1_23_0_reload     |   in|    1|     ap_none|                       choice_1_23_0_reload|        scalar|
|choice_2_23_0_reload     |   in|    1|     ap_none|                       choice_2_23_0_reload|        scalar|
|choice_0_24_0_reload     |   in|    1|     ap_none|                       choice_0_24_0_reload|        scalar|
|choice_1_24_0_reload     |   in|    1|     ap_none|                       choice_1_24_0_reload|        scalar|
|choice_2_24_0_reload     |   in|    1|     ap_none|                       choice_2_24_0_reload|        scalar|
|choice_0_25_0_reload     |   in|    1|     ap_none|                       choice_0_25_0_reload|        scalar|
|choice_1_25_0_reload     |   in|    1|     ap_none|                       choice_1_25_0_reload|        scalar|
|choice_2_25_0_reload     |   in|    1|     ap_none|                       choice_2_25_0_reload|        scalar|
|choice_0_26_0_reload     |   in|    1|     ap_none|                       choice_0_26_0_reload|        scalar|
|choice_1_26_0_reload     |   in|    1|     ap_none|                       choice_1_26_0_reload|        scalar|
|choice_2_26_0_reload     |   in|    1|     ap_none|                       choice_2_26_0_reload|        scalar|
|choice_0_27_0_reload     |   in|    1|     ap_none|                       choice_0_27_0_reload|        scalar|
|choice_1_27_0_reload     |   in|    1|     ap_none|                       choice_1_27_0_reload|        scalar|
|choice_2_27_0_reload     |   in|    1|     ap_none|                       choice_2_27_0_reload|        scalar|
|choice_0_28_0_reload     |   in|    1|     ap_none|                       choice_0_28_0_reload|        scalar|
|choice_1_28_0_reload     |   in|    1|     ap_none|                       choice_1_28_0_reload|        scalar|
|choice_2_28_0_reload     |   in|    1|     ap_none|                       choice_2_28_0_reload|        scalar|
|choice_0_29_0_reload     |   in|    1|     ap_none|                       choice_0_29_0_reload|        scalar|
|choice_1_29_0_reload     |   in|    1|     ap_none|                       choice_1_29_0_reload|        scalar|
|choice_2_29_0_reload     |   in|    1|     ap_none|                       choice_2_29_0_reload|        scalar|
|choice_0_30_0_reload     |   in|    1|     ap_none|                       choice_0_30_0_reload|        scalar|
|choice_1_30_0_reload     |   in|    1|     ap_none|                       choice_1_30_0_reload|        scalar|
|choice_2_30_0_reload     |   in|    1|     ap_none|                       choice_2_30_0_reload|        scalar|
|choice_0_31_0_reload     |   in|    1|     ap_none|                       choice_0_31_0_reload|        scalar|
|choice_1_31_0_reload     |   in|    1|     ap_none|                       choice_1_31_0_reload|        scalar|
|choice_2_31_0_reload     |   in|    1|     ap_none|                       choice_2_31_0_reload|        scalar|
|choice_0_32_0_reload     |   in|    1|     ap_none|                       choice_0_32_0_reload|        scalar|
|choice_1_32_0_reload     |   in|    1|     ap_none|                       choice_1_32_0_reload|        scalar|
|choice_2_32_0_reload     |   in|    1|     ap_none|                       choice_2_32_0_reload|        scalar|
|choice_0_33_0_reload     |   in|    1|     ap_none|                       choice_0_33_0_reload|        scalar|
|choice_1_33_0_reload     |   in|    1|     ap_none|                       choice_1_33_0_reload|        scalar|
|choice_2_33_0_reload     |   in|    1|     ap_none|                       choice_2_33_0_reload|        scalar|
|choice_0_34_0_reload     |   in|    1|     ap_none|                       choice_0_34_0_reload|        scalar|
|choice_1_34_0_reload     |   in|    1|     ap_none|                       choice_1_34_0_reload|        scalar|
|choice_2_34_0_reload     |   in|    1|     ap_none|                       choice_2_34_0_reload|        scalar|
|choice_0_35_0_reload     |   in|    1|     ap_none|                       choice_0_35_0_reload|        scalar|
|choice_1_35_0_reload     |   in|    1|     ap_none|                       choice_1_35_0_reload|        scalar|
|choice_2_35_0_reload     |   in|    1|     ap_none|                       choice_2_35_0_reload|        scalar|
|choice_0_36_0_reload     |   in|    1|     ap_none|                       choice_0_36_0_reload|        scalar|
|choice_1_36_0_reload     |   in|    1|     ap_none|                       choice_1_36_0_reload|        scalar|
|choice_2_36_0_reload     |   in|    1|     ap_none|                       choice_2_36_0_reload|        scalar|
|choice_0_37_0_reload     |   in|    1|     ap_none|                       choice_0_37_0_reload|        scalar|
|choice_1_37_0_reload     |   in|    1|     ap_none|                       choice_1_37_0_reload|        scalar|
|choice_2_37_0_reload     |   in|    1|     ap_none|                       choice_2_37_0_reload|        scalar|
|choice_0_38_0_reload     |   in|    1|     ap_none|                       choice_0_38_0_reload|        scalar|
|choice_1_38_0_reload     |   in|    1|     ap_none|                       choice_1_38_0_reload|        scalar|
|choice_2_38_0_reload     |   in|    1|     ap_none|                       choice_2_38_0_reload|        scalar|
|choice_0_39_0_reload     |   in|    1|     ap_none|                       choice_0_39_0_reload|        scalar|
|choice_1_39_0_reload     |   in|    1|     ap_none|                       choice_1_39_0_reload|        scalar|
|choice_2_39_0_reload     |   in|    1|     ap_none|                       choice_2_39_0_reload|        scalar|
|choice_0_40_0_reload     |   in|    1|     ap_none|                       choice_0_40_0_reload|        scalar|
|choice_1_40_0_reload     |   in|    1|     ap_none|                       choice_1_40_0_reload|        scalar|
|choice_2_40_0_reload     |   in|    1|     ap_none|                       choice_2_40_0_reload|        scalar|
|choice_0_41_0_reload     |   in|    1|     ap_none|                       choice_0_41_0_reload|        scalar|
|choice_1_41_0_reload     |   in|    1|     ap_none|                       choice_1_41_0_reload|        scalar|
|choice_2_41_0_reload     |   in|    1|     ap_none|                       choice_2_41_0_reload|        scalar|
|choice_0_42_0_reload     |   in|    1|     ap_none|                       choice_0_42_0_reload|        scalar|
|choice_1_42_0_reload     |   in|    1|     ap_none|                       choice_1_42_0_reload|        scalar|
|choice_2_42_0_reload     |   in|    1|     ap_none|                       choice_2_42_0_reload|        scalar|
|choice_0_43_0_reload     |   in|    1|     ap_none|                       choice_0_43_0_reload|        scalar|
|choice_1_43_0_reload     |   in|    1|     ap_none|                       choice_1_43_0_reload|        scalar|
|choice_2_43_0_reload     |   in|    1|     ap_none|                       choice_2_43_0_reload|        scalar|
|choice_0_44_0_reload     |   in|    1|     ap_none|                       choice_0_44_0_reload|        scalar|
|choice_1_44_0_reload     |   in|    1|     ap_none|                       choice_1_44_0_reload|        scalar|
|choice_2_44_0_reload     |   in|    1|     ap_none|                       choice_2_44_0_reload|        scalar|
|choice_0_45_0_reload     |   in|    1|     ap_none|                       choice_0_45_0_reload|        scalar|
|choice_1_45_0_reload     |   in|    1|     ap_none|                       choice_1_45_0_reload|        scalar|
|choice_2_45_0_reload     |   in|    1|     ap_none|                       choice_2_45_0_reload|        scalar|
|choice_0_46_0_reload     |   in|    1|     ap_none|                       choice_0_46_0_reload|        scalar|
|choice_1_46_0_reload     |   in|    1|     ap_none|                       choice_1_46_0_reload|        scalar|
|choice_2_46_0_reload     |   in|    1|     ap_none|                       choice_2_46_0_reload|        scalar|
|choice_0_47_0_reload     |   in|    1|     ap_none|                       choice_0_47_0_reload|        scalar|
|choice_1_47_0_reload     |   in|    1|     ap_none|                       choice_1_47_0_reload|        scalar|
|choice_2_47_0_reload     |   in|    1|     ap_none|                       choice_2_47_0_reload|        scalar|
|choice_0_48_0_reload     |   in|    1|     ap_none|                       choice_0_48_0_reload|        scalar|
|choice_1_48_0_reload     |   in|    1|     ap_none|                       choice_1_48_0_reload|        scalar|
|choice_2_48_0_reload     |   in|    1|     ap_none|                       choice_2_48_0_reload|        scalar|
|choice_0_49_0_reload     |   in|    1|     ap_none|                       choice_0_49_0_reload|        scalar|
|choice_1_49_0_reload     |   in|    1|     ap_none|                       choice_1_49_0_reload|        scalar|
|choice_2_49_0_reload     |   in|    1|     ap_none|                       choice_2_49_0_reload|        scalar|
|choice_0_50_0_reload     |   in|    1|     ap_none|                       choice_0_50_0_reload|        scalar|
|choice_1_50_0_reload     |   in|    1|     ap_none|                       choice_1_50_0_reload|        scalar|
|choice_2_50_0_reload     |   in|    1|     ap_none|                       choice_2_50_0_reload|        scalar|
|choice_0_51_0_reload     |   in|    1|     ap_none|                       choice_0_51_0_reload|        scalar|
|choice_1_51_0_reload     |   in|    1|     ap_none|                       choice_1_51_0_reload|        scalar|
|choice_2_51_0_reload     |   in|    1|     ap_none|                       choice_2_51_0_reload|        scalar|
|choice_0_52_0_reload     |   in|    1|     ap_none|                       choice_0_52_0_reload|        scalar|
|choice_1_52_0_reload     |   in|    1|     ap_none|                       choice_1_52_0_reload|        scalar|
|choice_2_52_0_reload     |   in|    1|     ap_none|                       choice_2_52_0_reload|        scalar|
|choice_0_53_0_reload     |   in|    1|     ap_none|                       choice_0_53_0_reload|        scalar|
|choice_1_53_0_reload     |   in|    1|     ap_none|                       choice_1_53_0_reload|        scalar|
|choice_2_53_0_reload     |   in|    1|     ap_none|                       choice_2_53_0_reload|        scalar|
|choice_0_54_0_reload     |   in|    1|     ap_none|                       choice_0_54_0_reload|        scalar|
|choice_1_54_0_reload     |   in|    1|     ap_none|                       choice_1_54_0_reload|        scalar|
|choice_2_54_0_reload     |   in|    1|     ap_none|                       choice_2_54_0_reload|        scalar|
|choice_0_55_0_reload     |   in|    1|     ap_none|                       choice_0_55_0_reload|        scalar|
|choice_1_55_0_reload     |   in|    1|     ap_none|                       choice_1_55_0_reload|        scalar|
|choice_2_55_0_reload     |   in|    1|     ap_none|                       choice_2_55_0_reload|        scalar|
|choice_0_56_0_reload     |   in|    1|     ap_none|                       choice_0_56_0_reload|        scalar|
|choice_1_56_0_reload     |   in|    1|     ap_none|                       choice_1_56_0_reload|        scalar|
|choice_2_56_0_reload     |   in|    1|     ap_none|                       choice_2_56_0_reload|        scalar|
|choice_0_57_0_reload     |   in|    1|     ap_none|                       choice_0_57_0_reload|        scalar|
|choice_1_57_0_reload     |   in|    1|     ap_none|                       choice_1_57_0_reload|        scalar|
|choice_2_57_0_reload     |   in|    1|     ap_none|                       choice_2_57_0_reload|        scalar|
|choice_0_58_0_reload     |   in|    1|     ap_none|                       choice_0_58_0_reload|        scalar|
|choice_1_58_0_reload     |   in|    1|     ap_none|                       choice_1_58_0_reload|        scalar|
|choice_2_58_0_reload     |   in|    1|     ap_none|                       choice_2_58_0_reload|        scalar|
|choice_0_59_0_reload     |   in|    1|     ap_none|                       choice_0_59_0_reload|        scalar|
|choice_1_59_0_reload     |   in|    1|     ap_none|                       choice_1_59_0_reload|        scalar|
|choice_2_59_0_reload     |   in|    1|     ap_none|                       choice_2_59_0_reload|        scalar|
|choice_0_60_0_reload     |   in|    1|     ap_none|                       choice_0_60_0_reload|        scalar|
|choice_1_60_0_reload     |   in|    1|     ap_none|                       choice_1_60_0_reload|        scalar|
|choice_2_60_0_reload     |   in|    1|     ap_none|                       choice_2_60_0_reload|        scalar|
|choice_0_61_0_reload     |   in|    1|     ap_none|                       choice_0_61_0_reload|        scalar|
|choice_1_61_0_reload     |   in|    1|     ap_none|                       choice_1_61_0_reload|        scalar|
|choice_2_61_0_reload     |   in|    1|     ap_none|                       choice_2_61_0_reload|        scalar|
|choice_0_62_0_reload     |   in|    1|     ap_none|                       choice_0_62_0_reload|        scalar|
|choice_1_62_0_reload     |   in|    1|     ap_none|                       choice_1_62_0_reload|        scalar|
|choice_2_62_0_reload     |   in|    1|     ap_none|                       choice_2_62_0_reload|        scalar|
|choice_0_63_0_reload     |   in|    1|     ap_none|                       choice_0_63_0_reload|        scalar|
|choice_1_63_0_reload     |   in|    1|     ap_none|                       choice_1_63_0_reload|        scalar|
|choice_2_63_0_reload     |   in|    1|     ap_none|                       choice_2_63_0_reload|        scalar|
|choice_0_64_0_reload     |   in|    1|     ap_none|                       choice_0_64_0_reload|        scalar|
|choice_1_64_0_reload     |   in|    1|     ap_none|                       choice_1_64_0_reload|        scalar|
|choice_2_64_0_reload     |   in|    1|     ap_none|                       choice_2_64_0_reload|        scalar|
|choice_0_65_0_reload     |   in|    1|     ap_none|                       choice_0_65_0_reload|        scalar|
|choice_1_65_0_reload     |   in|    1|     ap_none|                       choice_1_65_0_reload|        scalar|
|choice_2_65_0_reload     |   in|    1|     ap_none|                       choice_2_65_0_reload|        scalar|
|choice_0_66_0_reload     |   in|    1|     ap_none|                       choice_0_66_0_reload|        scalar|
|choice_1_66_0_reload     |   in|    1|     ap_none|                       choice_1_66_0_reload|        scalar|
|choice_2_66_0_reload     |   in|    1|     ap_none|                       choice_2_66_0_reload|        scalar|
|choice_0_67_0_reload     |   in|    1|     ap_none|                       choice_0_67_0_reload|        scalar|
|choice_1_67_0_reload     |   in|    1|     ap_none|                       choice_1_67_0_reload|        scalar|
|choice_2_67_0_reload     |   in|    1|     ap_none|                       choice_2_67_0_reload|        scalar|
|choice_0_68_0_reload     |   in|    1|     ap_none|                       choice_0_68_0_reload|        scalar|
|choice_1_68_0_reload     |   in|    1|     ap_none|                       choice_1_68_0_reload|        scalar|
|choice_2_68_0_reload     |   in|    1|     ap_none|                       choice_2_68_0_reload|        scalar|
|choice_0_69_0_reload     |   in|    1|     ap_none|                       choice_0_69_0_reload|        scalar|
|choice_1_69_0_reload     |   in|    1|     ap_none|                       choice_1_69_0_reload|        scalar|
|choice_2_69_0_reload     |   in|    1|     ap_none|                       choice_2_69_0_reload|        scalar|
|choice_0_70_0_reload     |   in|    1|     ap_none|                       choice_0_70_0_reload|        scalar|
|choice_1_70_0_reload     |   in|    1|     ap_none|                       choice_1_70_0_reload|        scalar|
|choice_2_70_0_reload     |   in|    1|     ap_none|                       choice_2_70_0_reload|        scalar|
|choice_0_71_0_reload     |   in|    1|     ap_none|                       choice_0_71_0_reload|        scalar|
|choice_1_71_0_reload     |   in|    1|     ap_none|                       choice_1_71_0_reload|        scalar|
|choice_2_71_0_reload     |   in|    1|     ap_none|                       choice_2_71_0_reload|        scalar|
|choice_0_72_0_reload     |   in|    1|     ap_none|                       choice_0_72_0_reload|        scalar|
|choice_1_72_0_reload     |   in|    1|     ap_none|                       choice_1_72_0_reload|        scalar|
|choice_2_72_0_reload     |   in|    1|     ap_none|                       choice_2_72_0_reload|        scalar|
|choice_0_73_0_reload     |   in|    1|     ap_none|                       choice_0_73_0_reload|        scalar|
|choice_1_73_0_reload     |   in|    1|     ap_none|                       choice_1_73_0_reload|        scalar|
|choice_2_73_0_reload     |   in|    1|     ap_none|                       choice_2_73_0_reload|        scalar|
|choice_0_74_0_reload     |   in|    1|     ap_none|                       choice_0_74_0_reload|        scalar|
|choice_1_74_0_reload     |   in|    1|     ap_none|                       choice_1_74_0_reload|        scalar|
|choice_2_74_0_reload     |   in|    1|     ap_none|                       choice_2_74_0_reload|        scalar|
|choice_0_75_0_reload     |   in|    1|     ap_none|                       choice_0_75_0_reload|        scalar|
|choice_1_75_0_reload     |   in|    1|     ap_none|                       choice_1_75_0_reload|        scalar|
|choice_2_75_0_reload     |   in|    1|     ap_none|                       choice_2_75_0_reload|        scalar|
|choice_0_76_0_reload     |   in|    1|     ap_none|                       choice_0_76_0_reload|        scalar|
|choice_1_76_0_reload     |   in|    1|     ap_none|                       choice_1_76_0_reload|        scalar|
|choice_2_76_0_reload     |   in|    1|     ap_none|                       choice_2_76_0_reload|        scalar|
|choice_0_77_0_reload     |   in|    1|     ap_none|                       choice_0_77_0_reload|        scalar|
|choice_1_77_0_reload     |   in|    1|     ap_none|                       choice_1_77_0_reload|        scalar|
|choice_2_77_0_reload     |   in|    1|     ap_none|                       choice_2_77_0_reload|        scalar|
|choice_0_78_0_reload     |   in|    1|     ap_none|                       choice_0_78_0_reload|        scalar|
|choice_1_78_0_reload     |   in|    1|     ap_none|                       choice_1_78_0_reload|        scalar|
|choice_2_78_0_reload     |   in|    1|     ap_none|                       choice_2_78_0_reload|        scalar|
|choice_0_79_0_reload     |   in|    1|     ap_none|                       choice_0_79_0_reload|        scalar|
|choice_1_79_0_reload     |   in|    1|     ap_none|                       choice_1_79_0_reload|        scalar|
|choice_2_79_0_reload     |   in|    1|     ap_none|                       choice_2_79_0_reload|        scalar|
|choice_0_80_0_reload     |   in|    1|     ap_none|                       choice_0_80_0_reload|        scalar|
|choice_1_80_0_reload     |   in|    1|     ap_none|                       choice_1_80_0_reload|        scalar|
|choice_2_80_0_reload     |   in|    1|     ap_none|                       choice_2_80_0_reload|        scalar|
|choice_0_81_0_reload     |   in|    1|     ap_none|                       choice_0_81_0_reload|        scalar|
|choice_1_81_0_reload     |   in|    1|     ap_none|                       choice_1_81_0_reload|        scalar|
|choice_2_81_0_reload     |   in|    1|     ap_none|                       choice_2_81_0_reload|        scalar|
|choice_0_82_0_reload     |   in|    1|     ap_none|                       choice_0_82_0_reload|        scalar|
|choice_1_82_0_reload     |   in|    1|     ap_none|                       choice_1_82_0_reload|        scalar|
|choice_2_82_0_reload     |   in|    1|     ap_none|                       choice_2_82_0_reload|        scalar|
|choice_0_83_0_reload     |   in|    1|     ap_none|                       choice_0_83_0_reload|        scalar|
|choice_1_83_0_reload     |   in|    1|     ap_none|                       choice_1_83_0_reload|        scalar|
|choice_2_83_0_reload     |   in|    1|     ap_none|                       choice_2_83_0_reload|        scalar|
|choice_0_84_0_reload     |   in|    1|     ap_none|                       choice_0_84_0_reload|        scalar|
|choice_1_84_0_reload     |   in|    1|     ap_none|                       choice_1_84_0_reload|        scalar|
|choice_2_84_0_reload     |   in|    1|     ap_none|                       choice_2_84_0_reload|        scalar|
|choice_0_85_0_reload     |   in|    1|     ap_none|                       choice_0_85_0_reload|        scalar|
|choice_1_85_0_reload     |   in|    1|     ap_none|                       choice_1_85_0_reload|        scalar|
|choice_2_85_0_reload     |   in|    1|     ap_none|                       choice_2_85_0_reload|        scalar|
|choice_0_86_0_reload     |   in|    1|     ap_none|                       choice_0_86_0_reload|        scalar|
|choice_1_86_0_reload     |   in|    1|     ap_none|                       choice_1_86_0_reload|        scalar|
|choice_2_86_0_reload     |   in|    1|     ap_none|                       choice_2_86_0_reload|        scalar|
|choice_0_87_0_reload     |   in|    1|     ap_none|                       choice_0_87_0_reload|        scalar|
|choice_1_87_0_reload     |   in|    1|     ap_none|                       choice_1_87_0_reload|        scalar|
|choice_2_87_0_reload     |   in|    1|     ap_none|                       choice_2_87_0_reload|        scalar|
|choice_0_88_0_reload     |   in|    1|     ap_none|                       choice_0_88_0_reload|        scalar|
|choice_1_88_0_reload     |   in|    1|     ap_none|                       choice_1_88_0_reload|        scalar|
|choice_2_88_0_reload     |   in|    1|     ap_none|                       choice_2_88_0_reload|        scalar|
|choice_0_89_0_reload     |   in|    1|     ap_none|                       choice_0_89_0_reload|        scalar|
|choice_1_89_0_reload     |   in|    1|     ap_none|                       choice_1_89_0_reload|        scalar|
|choice_2_89_0_reload     |   in|    1|     ap_none|                       choice_2_89_0_reload|        scalar|
|choice_0_90_0_reload     |   in|    1|     ap_none|                       choice_0_90_0_reload|        scalar|
|choice_1_90_0_reload     |   in|    1|     ap_none|                       choice_1_90_0_reload|        scalar|
|choice_2_90_0_reload     |   in|    1|     ap_none|                       choice_2_90_0_reload|        scalar|
|choice_0_91_0_reload     |   in|    1|     ap_none|                       choice_0_91_0_reload|        scalar|
|choice_1_91_0_reload     |   in|    1|     ap_none|                       choice_1_91_0_reload|        scalar|
|choice_2_91_0_reload     |   in|    1|     ap_none|                       choice_2_91_0_reload|        scalar|
|choice_0_92_0_reload     |   in|    1|     ap_none|                       choice_0_92_0_reload|        scalar|
|choice_1_92_0_reload     |   in|    1|     ap_none|                       choice_1_92_0_reload|        scalar|
|choice_2_92_0_reload     |   in|    1|     ap_none|                       choice_2_92_0_reload|        scalar|
|choice_0_93_0_reload     |   in|    1|     ap_none|                       choice_0_93_0_reload|        scalar|
|choice_1_93_0_reload     |   in|    1|     ap_none|                       choice_1_93_0_reload|        scalar|
|choice_2_93_0_reload     |   in|    1|     ap_none|                       choice_2_93_0_reload|        scalar|
|choice_0_94_0_reload     |   in|    1|     ap_none|                       choice_0_94_0_reload|        scalar|
|choice_1_94_0_reload     |   in|    1|     ap_none|                       choice_1_94_0_reload|        scalar|
|choice_2_94_0_reload     |   in|    1|     ap_none|                       choice_2_94_0_reload|        scalar|
|choice_0_95_0_reload     |   in|    1|     ap_none|                       choice_0_95_0_reload|        scalar|
|choice_1_95_0_reload     |   in|    1|     ap_none|                       choice_1_95_0_reload|        scalar|
|choice_2_95_0_reload     |   in|    1|     ap_none|                       choice_2_95_0_reload|        scalar|
|choice_0_96_0_reload     |   in|    1|     ap_none|                       choice_0_96_0_reload|        scalar|
|choice_1_96_0_reload     |   in|    1|     ap_none|                       choice_1_96_0_reload|        scalar|
|choice_2_96_0_reload     |   in|    1|     ap_none|                       choice_2_96_0_reload|        scalar|
|choice_0_97_0_reload     |   in|    1|     ap_none|                       choice_0_97_0_reload|        scalar|
|choice_1_97_0_reload     |   in|    1|     ap_none|                       choice_1_97_0_reload|        scalar|
|choice_2_97_0_reload     |   in|    1|     ap_none|                       choice_2_97_0_reload|        scalar|
|choice_0_98_0_reload     |   in|    1|     ap_none|                       choice_0_98_0_reload|        scalar|
|choice_1_98_0_reload     |   in|    1|     ap_none|                       choice_1_98_0_reload|        scalar|
|choice_2_98_0_reload     |   in|    1|     ap_none|                       choice_2_98_0_reload|        scalar|
|choice_0_99_0_reload     |   in|    1|     ap_none|                       choice_0_99_0_reload|        scalar|
|choice_1_99_0_reload     |   in|    1|     ap_none|                       choice_1_99_0_reload|        scalar|
|choice_2_99_0_reload     |   in|    1|     ap_none|                       choice_2_99_0_reload|        scalar|
|choice_0_100_0_reload    |   in|    1|     ap_none|                      choice_0_100_0_reload|        scalar|
|choice_1_100_0_reload    |   in|    1|     ap_none|                      choice_1_100_0_reload|        scalar|
|choice_2_100_0_reload    |   in|    1|     ap_none|                      choice_2_100_0_reload|        scalar|
|choice_0_101_0_reload    |   in|    1|     ap_none|                      choice_0_101_0_reload|        scalar|
|choice_1_101_0_reload    |   in|    1|     ap_none|                      choice_1_101_0_reload|        scalar|
|choice_2_101_0_reload    |   in|    1|     ap_none|                      choice_2_101_0_reload|        scalar|
|choice_0_102_0_reload    |   in|    1|     ap_none|                      choice_0_102_0_reload|        scalar|
|choice_1_102_0_reload    |   in|    1|     ap_none|                      choice_1_102_0_reload|        scalar|
|choice_2_102_0_reload    |   in|    1|     ap_none|                      choice_2_102_0_reload|        scalar|
|choice_0_103_0_reload    |   in|    1|     ap_none|                      choice_0_103_0_reload|        scalar|
|choice_1_103_0_reload    |   in|    1|     ap_none|                      choice_1_103_0_reload|        scalar|
|choice_2_103_0_reload    |   in|    1|     ap_none|                      choice_2_103_0_reload|        scalar|
|choice_0_104_0_reload    |   in|    1|     ap_none|                      choice_0_104_0_reload|        scalar|
|choice_1_104_0_reload    |   in|    1|     ap_none|                      choice_1_104_0_reload|        scalar|
|choice_2_104_0_reload    |   in|    1|     ap_none|                      choice_2_104_0_reload|        scalar|
|choice_0_105_0_reload    |   in|    1|     ap_none|                      choice_0_105_0_reload|        scalar|
|choice_1_105_0_reload    |   in|    1|     ap_none|                      choice_1_105_0_reload|        scalar|
|choice_2_105_0_reload    |   in|    1|     ap_none|                      choice_2_105_0_reload|        scalar|
|choice_0_106_0_reload    |   in|    1|     ap_none|                      choice_0_106_0_reload|        scalar|
|choice_1_106_0_reload    |   in|    1|     ap_none|                      choice_1_106_0_reload|        scalar|
|choice_2_106_0_reload    |   in|    1|     ap_none|                      choice_2_106_0_reload|        scalar|
|choice_0_107_0_reload    |   in|    1|     ap_none|                      choice_0_107_0_reload|        scalar|
|choice_1_107_0_reload    |   in|    1|     ap_none|                      choice_1_107_0_reload|        scalar|
|choice_2_107_0_reload    |   in|    1|     ap_none|                      choice_2_107_0_reload|        scalar|
|choice_0_108_0_reload    |   in|    1|     ap_none|                      choice_0_108_0_reload|        scalar|
|choice_1_108_0_reload    |   in|    1|     ap_none|                      choice_1_108_0_reload|        scalar|
|choice_2_108_0_reload    |   in|    1|     ap_none|                      choice_2_108_0_reload|        scalar|
|choice_0_109_0_reload    |   in|    1|     ap_none|                      choice_0_109_0_reload|        scalar|
|choice_1_109_0_reload    |   in|    1|     ap_none|                      choice_1_109_0_reload|        scalar|
|choice_2_109_0_reload    |   in|    1|     ap_none|                      choice_2_109_0_reload|        scalar|
|choice_0_110_0_reload    |   in|    1|     ap_none|                      choice_0_110_0_reload|        scalar|
|choice_1_110_0_reload    |   in|    1|     ap_none|                      choice_1_110_0_reload|        scalar|
|choice_2_110_0_reload    |   in|    1|     ap_none|                      choice_2_110_0_reload|        scalar|
|choice_0_111_0_reload    |   in|    1|     ap_none|                      choice_0_111_0_reload|        scalar|
|choice_1_111_0_reload    |   in|    1|     ap_none|                      choice_1_111_0_reload|        scalar|
|choice_2_111_0_reload    |   in|    1|     ap_none|                      choice_2_111_0_reload|        scalar|
|choice_0_112_0_reload    |   in|    1|     ap_none|                      choice_0_112_0_reload|        scalar|
|choice_1_112_0_reload    |   in|    1|     ap_none|                      choice_1_112_0_reload|        scalar|
|choice_2_112_0_reload    |   in|    1|     ap_none|                      choice_2_112_0_reload|        scalar|
|choice_0_113_0_reload    |   in|    1|     ap_none|                      choice_0_113_0_reload|        scalar|
|choice_1_113_0_reload    |   in|    1|     ap_none|                      choice_1_113_0_reload|        scalar|
|choice_2_113_0_reload    |   in|    1|     ap_none|                      choice_2_113_0_reload|        scalar|
|choice_0_114_0_reload    |   in|    1|     ap_none|                      choice_0_114_0_reload|        scalar|
|choice_1_114_0_reload    |   in|    1|     ap_none|                      choice_1_114_0_reload|        scalar|
|choice_2_114_0_reload    |   in|    1|     ap_none|                      choice_2_114_0_reload|        scalar|
|choice_0_115_0_reload    |   in|    1|     ap_none|                      choice_0_115_0_reload|        scalar|
|choice_1_115_0_reload    |   in|    1|     ap_none|                      choice_1_115_0_reload|        scalar|
|choice_2_115_0_reload    |   in|    1|     ap_none|                      choice_2_115_0_reload|        scalar|
|choice_0_116_0_reload    |   in|    1|     ap_none|                      choice_0_116_0_reload|        scalar|
|choice_1_116_0_reload    |   in|    1|     ap_none|                      choice_1_116_0_reload|        scalar|
|choice_2_116_0_reload    |   in|    1|     ap_none|                      choice_2_116_0_reload|        scalar|
|choice_0_117_0_reload    |   in|    1|     ap_none|                      choice_0_117_0_reload|        scalar|
|choice_1_117_0_reload    |   in|    1|     ap_none|                      choice_1_117_0_reload|        scalar|
|choice_2_117_0_reload    |   in|    1|     ap_none|                      choice_2_117_0_reload|        scalar|
|choice_0_118_0_reload    |   in|    1|     ap_none|                      choice_0_118_0_reload|        scalar|
|choice_1_118_0_reload    |   in|    1|     ap_none|                      choice_1_118_0_reload|        scalar|
|choice_2_118_0_reload    |   in|    1|     ap_none|                      choice_2_118_0_reload|        scalar|
|choice_0_119_0_reload    |   in|    1|     ap_none|                      choice_0_119_0_reload|        scalar|
|choice_1_119_0_reload    |   in|    1|     ap_none|                      choice_1_119_0_reload|        scalar|
|choice_2_119_0_reload    |   in|    1|     ap_none|                      choice_2_119_0_reload|        scalar|
|prevState_V_address0     |  out|    4|   ap_memory|                                prevState_V|         array|
|prevState_V_ce0          |  out|    1|   ap_memory|                                prevState_V|         array|
|prevState_V_q0           |   in|    6|   ap_memory|                                prevState_V|         array|
|prevState_V_1_address0   |  out|    4|   ap_memory|                              prevState_V_1|         array|
|prevState_V_1_ce0        |  out|    1|   ap_memory|                              prevState_V_1|         array|
|prevState_V_1_q0         |   in|    6|   ap_memory|                              prevState_V_1|         array|
|prevState_V_2_address0   |  out|    4|   ap_memory|                              prevState_V_2|         array|
|prevState_V_2_ce0        |  out|    1|   ap_memory|                              prevState_V_2|         array|
|prevState_V_2_q0         |   in|    6|   ap_memory|                              prevState_V_2|         array|
|prevState_V_3_address0   |  out|    4|   ap_memory|                              prevState_V_3|         array|
|prevState_V_3_ce0        |  out|    1|   ap_memory|                              prevState_V_3|         array|
|prevState_V_3_q0         |   in|    6|   ap_memory|                              prevState_V_3|         array|
|prevState_V_4_address0   |  out|    4|   ap_memory|                              prevState_V_4|         array|
|prevState_V_4_ce0        |  out|    1|   ap_memory|                              prevState_V_4|         array|
|prevState_V_4_q0         |   in|    6|   ap_memory|                              prevState_V_4|         array|
|prevState_V_5_address0   |  out|    4|   ap_memory|                              prevState_V_5|         array|
|prevState_V_5_ce0        |  out|    1|   ap_memory|                              prevState_V_5|         array|
|prevState_V_5_q0         |   in|    6|   ap_memory|                              prevState_V_5|         array|
|prevState_V_6_address0   |  out|    4|   ap_memory|                              prevState_V_6|         array|
|prevState_V_6_ce0        |  out|    1|   ap_memory|                              prevState_V_6|         array|
|prevState_V_6_q0         |   in|    6|   ap_memory|                              prevState_V_6|         array|
|prevState_V_7_address0   |  out|    4|   ap_memory|                              prevState_V_7|         array|
|prevState_V_7_ce0        |  out|    1|   ap_memory|                              prevState_V_7|         array|
|prevState_V_7_q0         |   in|    6|   ap_memory|                              prevState_V_7|         array|
|prevState_V_8_address0   |  out|    4|   ap_memory|                              prevState_V_8|         array|
|prevState_V_8_ce0        |  out|    1|   ap_memory|                              prevState_V_8|         array|
|prevState_V_8_q0         |   in|    6|   ap_memory|                              prevState_V_8|         array|
|prevState_V_9_address0   |  out|    4|   ap_memory|                              prevState_V_9|         array|
|prevState_V_9_ce0        |  out|    1|   ap_memory|                              prevState_V_9|         array|
|prevState_V_9_q0         |   in|    6|   ap_memory|                              prevState_V_9|         array|
|prevState_V_10_address0  |  out|    4|   ap_memory|                             prevState_V_10|         array|
|prevState_V_10_ce0       |  out|    1|   ap_memory|                             prevState_V_10|         array|
|prevState_V_10_q0        |   in|    6|   ap_memory|                             prevState_V_10|         array|
|prevState_V_11_address0  |  out|    4|   ap_memory|                             prevState_V_11|         array|
|prevState_V_11_ce0       |  out|    1|   ap_memory|                             prevState_V_11|         array|
|prevState_V_11_q0        |   in|    6|   ap_memory|                             prevState_V_11|         array|
|prevState_V_12_address0  |  out|    4|   ap_memory|                             prevState_V_12|         array|
|prevState_V_12_ce0       |  out|    1|   ap_memory|                             prevState_V_12|         array|
|prevState_V_12_q0        |   in|    6|   ap_memory|                             prevState_V_12|         array|
|prevState_V_13_address0  |  out|    4|   ap_memory|                             prevState_V_13|         array|
|prevState_V_13_ce0       |  out|    1|   ap_memory|                             prevState_V_13|         array|
|prevState_V_13_q0        |   in|    6|   ap_memory|                             prevState_V_13|         array|
|prevState_V_14_address0  |  out|    4|   ap_memory|                             prevState_V_14|         array|
|prevState_V_14_ce0       |  out|    1|   ap_memory|                             prevState_V_14|         array|
|prevState_V_14_q0        |   in|    6|   ap_memory|                             prevState_V_14|         array|
|prevState_V_15_address0  |  out|    4|   ap_memory|                             prevState_V_15|         array|
|prevState_V_15_ce0       |  out|    1|   ap_memory|                             prevState_V_15|         array|
|prevState_V_15_q0        |   in|    6|   ap_memory|                             prevState_V_15|         array|
|prevState_V_16_address0  |  out|    4|   ap_memory|                             prevState_V_16|         array|
|prevState_V_16_ce0       |  out|    1|   ap_memory|                             prevState_V_16|         array|
|prevState_V_16_q0        |   in|    6|   ap_memory|                             prevState_V_16|         array|
|prevState_V_17_address0  |  out|    4|   ap_memory|                             prevState_V_17|         array|
|prevState_V_17_ce0       |  out|    1|   ap_memory|                             prevState_V_17|         array|
|prevState_V_17_q0        |   in|    6|   ap_memory|                             prevState_V_17|         array|
|prevState_V_18_address0  |  out|    4|   ap_memory|                             prevState_V_18|         array|
|prevState_V_18_ce0       |  out|    1|   ap_memory|                             prevState_V_18|         array|
|prevState_V_18_q0        |   in|    6|   ap_memory|                             prevState_V_18|         array|
|prevState_V_19_address0  |  out|    4|   ap_memory|                             prevState_V_19|         array|
|prevState_V_19_ce0       |  out|    1|   ap_memory|                             prevState_V_19|         array|
|prevState_V_19_q0        |   in|    6|   ap_memory|                             prevState_V_19|         array|
|prevState_V_20_address0  |  out|    4|   ap_memory|                             prevState_V_20|         array|
|prevState_V_20_ce0       |  out|    1|   ap_memory|                             prevState_V_20|         array|
|prevState_V_20_q0        |   in|    6|   ap_memory|                             prevState_V_20|         array|
|prevState_V_21_address0  |  out|    4|   ap_memory|                             prevState_V_21|         array|
|prevState_V_21_ce0       |  out|    1|   ap_memory|                             prevState_V_21|         array|
|prevState_V_21_q0        |   in|    6|   ap_memory|                             prevState_V_21|         array|
|prevState_V_22_address0  |  out|    4|   ap_memory|                             prevState_V_22|         array|
|prevState_V_22_ce0       |  out|    1|   ap_memory|                             prevState_V_22|         array|
|prevState_V_22_q0        |   in|    6|   ap_memory|                             prevState_V_22|         array|
|prevState_V_23_address0  |  out|    4|   ap_memory|                             prevState_V_23|         array|
|prevState_V_23_ce0       |  out|    1|   ap_memory|                             prevState_V_23|         array|
|prevState_V_23_q0        |   in|    6|   ap_memory|                             prevState_V_23|         array|
|prevState_V_24_address0  |  out|    4|   ap_memory|                             prevState_V_24|         array|
|prevState_V_24_ce0       |  out|    1|   ap_memory|                             prevState_V_24|         array|
|prevState_V_24_q0        |   in|    6|   ap_memory|                             prevState_V_24|         array|
|prevState_V_25_address0  |  out|    4|   ap_memory|                             prevState_V_25|         array|
|prevState_V_25_ce0       |  out|    1|   ap_memory|                             prevState_V_25|         array|
|prevState_V_25_q0        |   in|    6|   ap_memory|                             prevState_V_25|         array|
|prevState_V_26_address0  |  out|    4|   ap_memory|                             prevState_V_26|         array|
|prevState_V_26_ce0       |  out|    1|   ap_memory|                             prevState_V_26|         array|
|prevState_V_26_q0        |   in|    6|   ap_memory|                             prevState_V_26|         array|
|prevState_V_27_address0  |  out|    4|   ap_memory|                             prevState_V_27|         array|
|prevState_V_27_ce0       |  out|    1|   ap_memory|                             prevState_V_27|         array|
|prevState_V_27_q0        |   in|    6|   ap_memory|                             prevState_V_27|         array|
|prevState_V_28_address0  |  out|    4|   ap_memory|                             prevState_V_28|         array|
|prevState_V_28_ce0       |  out|    1|   ap_memory|                             prevState_V_28|         array|
|prevState_V_28_q0        |   in|    6|   ap_memory|                             prevState_V_28|         array|
|prevState_V_29_address0  |  out|    4|   ap_memory|                             prevState_V_29|         array|
|prevState_V_29_ce0       |  out|    1|   ap_memory|                             prevState_V_29|         array|
|prevState_V_29_q0        |   in|    6|   ap_memory|                             prevState_V_29|         array|
|p_Val2_1_out             |  out|   48|      ap_vld|                               p_Val2_1_out|       pointer|
|p_Val2_1_out_ap_vld      |  out|    1|      ap_vld|                               p_Val2_1_out|       pointer|
+-------------------------+-----+-----+------------+-------------------------------------------+--------------+

